usb-uclass.c:409:12:usb_match_device	12	static
usb-uclass.c:716:12:usb_child_post_bind	16	static
usb-uclass.c:446:12:usb_match_one_id_intf.isra.0	12	static
usb-uclass.c:227:13:remove_inactive_children.isra.2	24	static
usb-uclass.c:28:5:usb_disable_asynch	0	static
usb-uclass.c:36:5:submit_int_msg	32	static
usb-uclass.c:48:5:submit_control_msg	32	static
usb-uclass.c:71:5:submit_bulk_msg	24	static
usb-uclass.c:83:19:create_int_queue	40	static
usb-uclass.c:97:7:poll_int_queue	16	static
usb-uclass.c:108:5:destroy_int_queue	16	static
usb-uclass.c:119:5:usb_alloc_device	8	static
usb-uclass.c:131:5:usb_reset_root_port	8	static
usb-uclass.c:142:5:usb_update_hub_device	8	static
usb-uclass.c:153:5:usb_get_max_xfer_size	8	static
usb-uclass.c:164:5:usb_stop	32	static
usb-uclass.c:384:5:usb_setup_ehci_gadget	24	static
usb-uclass.c:676:5:usb_detect_change	40	static
usb-uclass.c:739:17:usb_get_bus	16	static
usb-uclass.c:587:5:usb_scan_device	2504	static
usb-uclass.c:206:13:usb_scan_bus.isra.3	24	static
usb-uclass.c:241:5:usb_init	40	static
usb-uclass.c:754:5:usb_child_pre_probe	24	static
