eth-uclass.c:40:32:eth_get_uclass_priv	16	static
eth-uclass.c:532:12:eth_pre_remove	16	static
eth-uclass.c:458:12:eth_post_probe	40	static
eth-uclass.c:182:12:eth_write_hwaddr	16	static
eth-uclass.c:214:12:on_ethaddr	24	static
eth-uclass.c:438:12:eth_post_bind	16	static
eth-uclass.c:49:6:eth_set_current_to_next	16	static
eth-uclass.c:66:17:eth_get_dev	16	static
eth-uclass.c:82:6:eth_set_dev	16	static
eth-uclass.c:449:12:eth_pre_unbind	16	static
eth-uclass.c:97:17:eth_get_dev_by_name	32	static
eth-uclass.c:133:16:eth_get_ethaddr	8	static
eth-uclass.c:146:5:eth_init_state_only	16	static
eth-uclass.c:162:6:eth_halt_state_only	8	static
eth-uclass.c:175:5:eth_get_dev_index	8	static
eth-uclass.c:242:5:eth_init	24	static
eth-uclass.c:305:6:eth_halt	16	static
eth-uclass.c:319:5:eth_is_active	16	static
eth-uclass.c:330:5:eth_send	16	static
eth-uclass.c:350:5:eth_rx	32	static
eth-uclass.c:386:5:eth_initialize	32	static
