net.c:351:13:net_clear_handlers	0	static
net.c:659:13:start_again_timeout_handler	0	static
net.c:723:13:dummy_handler	0	static
net.c:229:12:on_ipaddr	8	static
net.c:241:12:on_gatewayip	8	static
net.c:253:12:on_netmask	8	static
net.c:265:12:on_serverip	8	static
net.c:343:13:net_init_loop.part.0	8	static
net.c:319:6:net_auto_load	16	static
net.c:363:6:net_init	16	static
net.c:664:5:net_start_again	16	static
net.c:394:5:net_loop	32	static
net.c:729:11:net_get_udp_handler	0	static
net.c:734:6:net_set_udp_handler	0	static
net.c:743:11:net_get_arp_handler	0	static
net.c:748:6:net_set_arp_handler	0	static
net.c:764:6:net_set_timeout_handler	16	static
net.c:1029:6:net_process_received_packet	40	static
net.c:1369:1:net_eth_hdr_size	0	static
net.c:1381:5:net_set_ether	24	static
net.c:1406:5:net_update_ether	16	static
net.c:1429:6:net_set_ip_header	24	static
net.c:1450:6:net_set_udp_header	24	static
net.c:779:5:net_send_udp_packet	40	static
net.c:1474:6:copy_filename	0	static
net.c:209:12:on_bootfile	16	static
net.c:1494:14:random_port	8	static
net.c:1500:6:ip_to_string	24	static
net.c:1511:6:vlan_to_string	8	static
net.c:1524:8:string_to_vlan	8	static
net.c:277:12:on_nvlan	8	static
net.c:289:12:on_vlan	8	static
net.c:1539:8:env_get_vlan	8	static
