device.c:576:24:_device_find_global_by_of_offset	24	static
device.c:31:12:device_bind_common.isra.0	40	static
device.c:252:14:alloc_priv	16	static
device.c:215:5:device_bind_with_driver_data	32	static
device.c:224:5:device_bind	32	static
device.c:232:5:device_bind_by_name	40	static
device.c:296:5:device_probe	24	static
device.c:423:7:dev_get_platdata	16	static
device.c:433:7:dev_get_parent_platdata	16	static
device.c:443:7:dev_get_uclass_platdata	16	static
device.c:453:7:dev_get_priv	16	static
device.c:463:7:dev_get_uclass_priv	16	static
device.c:473:7:dev_get_parent_priv	16	static
device.c:498:5:device_get_child	16	static
device.c:510:5:device_find_child_by_seq	16	static
device.c:530:5:device_get_child_by_seq	32	static
device.c:548:5:device_find_child_by_of_offset	12	static
device.c:565:5:device_get_child_by_of_offset	24	static
device.c:593:5:device_get_global_by_of_offset	16	static
device.c:601:5:device_find_first_child	0	static
device.c:613:5:device_find_next_child	0	static
device.c:628:17:dev_get_parent	0	static
device.c:633:7:dev_get_driver_data	0	static
device.c:638:13:dev_get_driver_ops	0	static
device.c:646:16:device_get_uclass_id	0	static
device.c:651:13:dev_get_uclass_name	0	static
device.c:659:6:device_has_children	0	static
device.c:664:6:device_has_active_children	24	static
device.c:678:6:device_is_last_sibling	0	static
device.c:687:6:device_set_name_alloced	0	static
device.c:692:5:device_set_name	16	static
device.c:703:6:device_is_compatible	8	static
device.c:710:6:of_machine_is_compatible	8	static
