ofnode.c:19:5:ofnode_read_u32	24	static
ofnode.c:43:5:ofnode_read_u32_default	16	static
ofnode.c:51:5:ofnode_read_s32_default	16	static
ofnode.c:73:13:ofnode_read_string	24	static
ofnode.c:106:8:ofnode_find_subnode	8	static
ofnode.c:132:5:ofnode_read_u32_array	24	static
ofnode.c:148:8:ofnode_first_subnode	8	static
ofnode.c:158:8:ofnode_next_subnode	8	static
ofnode.c:168:13:ofnode_get_name	8	static
ofnode.c:177:5:ofnode_read_size	24	static
ofnode.c:358:12:decode_timing_property	32	static
ofnode.c:196:12:ofnode_get_addr_index	8	static
ofnode.c:218:12:ofnode_get_addr	8	static
ofnode.c:223:5:ofnode_stringlist_search	16	static
ofnode.c:244:5:ofnode_read_string_index	32	static
ofnode.c:261:5:ofnode_read_string_count	8	static
ofnode.c:289:5:ofnode_parse_phandle_with_args	112	static
ofnode.c:318:5:ofnode_count_phandle_with_args	32	static
ofnode.c:330:8:ofnode_path	8	static
ofnode.c:338:13:ofnode_get_chosen_prop	16	static
ofnode.c:347:8:ofnode_get_chosen_node	8	static
ofnode.c:446:13:ofnode_get_property	16	static
ofnode.c:59:6:ofnode_read_bool	8	static
ofnode.c:381:5:ofnode_decode_display_timing	40	static
ofnode.c:455:6:ofnode_is_available	8	static
ofnode.c:464:12:ofnode_get_addr_size	16	static
ofnode.c:486:16:ofnode_read_u8_array_ptr	16	static
ofnode.c:504:5:ofnode_read_pci_addr	40	static
ofnode.c:558:5:ofnode_read_addr_cells	8	static
ofnode.c:566:5:ofnode_read_size_cells	8	static
ofnode.c:574:5:ofnode_read_simple_addr_cells	8	static
ofnode.c:582:5:ofnode_read_simple_size_cells	8	static
ofnode.c:590:6:ofnode_pre_reloc	16	static
ofnode.c:614:5:ofnode_read_resource	40	static
ofnode.c:634:5:ofnode_read_resource_byname	16	static
