uclass.c:23:16:uclass_find	12	static
uclass.c:105:5:uclass_destroy	16	static
uclass.c:139:5:uclass_get	24	static
uclass.c:152:13:uclass_get_name	16	static
uclass.c:161:5:uclass_find_device	32	static
uclass.c:184:5:uclass_find_first_device	24	static
uclass.c:201:5:uclass_find_next_device	0	static
uclass.c:214:5:uclass_find_device_by_name	32	static
uclass.c:238:5:uclass_find_device_by_seq	32	static
uclass.c:267:5:uclass_find_device_by_of_offset	32	static
uclass.c:291:5:uclass_find_device_by_ofnode	32	static
uclass.c:349:5:uclass_get_device_by_driver	32	static
uclass.c:369:5:uclass_get_device_tail	16	static
uclass.c:384:5:uclass_get_device	24	static
uclass.c:394:5:uclass_get_device_by_name	24	static
uclass.c:405:5:uclass_get_device_by_seq	32	static
uclass.c:422:5:uclass_get_device_by_of_offset	24	static
uclass.c:433:5:uclass_get_device_by_ofnode	24	static
uclass.c:446:5:uclass_get_device_by_phandle	32	static
uclass.c:458:5:uclass_first_device	24	static
uclass.c:470:5:uclass_first_device_err	16	static
uclass.c:483:5:uclass_next_device	24	static
uclass.c:495:5:uclass_first_device_check	16	static
uclass.c:509:5:uclass_next_device_check	16	static
uclass.c:522:5:uclass_bind_device	16	static
uclass.c:549:5:uclass_unbind_device	16	static
uclass.c:566:5:uclass_resolve_seq	24	static
uclass.c:597:5:uclass_pre_probe_device	16	static
uclass.c:618:5:uclass_post_probe_device	16	static
uclass.c:629:5:uclass_pre_remove_device	16	static
