blk_legacy.c:58:12:get_desc	16	static
blk_legacy.c:11:20:blk_driver_lookup_type	0	static
blk_legacy.c:41:13:blk_get_if_type_name	8	static
blk_legacy.c:73:5:blk_list_part	32	static
blk_legacy.c:100:5:blk_print_part_devnum	16	static
blk_legacy.c:118:6:blk_list_devices	24	static
blk_legacy.c:136:5:blk_print_device_num	24	static
blk_legacy.c:153:5:blk_show_device	24	static
blk_legacy.c:178:18:blk_get_devnum_by_type	16	static
blk_legacy.c:192:5:blk_dselect_hwpart	16	static
blk_legacy.c:204:18:blk_get_devnum_by_typename	40	static
blk_legacy.c:218:7:blk_read_devnum	24	static
blk_legacy.c:238:7:blk_write_devnum	24	static
blk_legacy.c:253:5:blk_select_hwpart_devnum	24	static
