console.c:105:12:console_setfile	16	static
console.c:293:5:serial_printf	1048	static
console.c:311:5:fgetc	8	static
console.c:384:5:getc	16	static
console.c:343:5:ftstc	8	static
console.c:412:5:tstc	16	static
console.c:351:6:fputc	8	static
console.c:490:6:putc	8	static
console.c:357:6:fputs	8	static
console.c:533:6:puts	8	static
console.c:363:5:fprintf	1052	static
console.c:601:5:ctrlc	16	static
console.c:622:5:confirm_yesno	24	static
console.c:649:5:disable_ctrlc	0	static
console.c:657:5:had_ctrlc	0	static
console.c:662:6:clear_ctrlc	0	static
console.c:669:19:search_device	16	static
console.c:685:5:console_assign	16	static
console.c:723:5:console_announce_r	216	static
console.c:737:5:console_init_f	8	static
console.c:748:6:stdio_print_current_devices	16	static
console.c:869:5:console_init_r	24	static
