efi_file.c:470:28:efi_file_flush	8	static
efi_file.c:463:28:efi_file_setinfo	8	static
efi_file.c:365:28:efi_file_getpos	16	static
efi_file.c:221:28:efi_file_delete	8	static
efi_file.c:47:12:set_blk_dev.isra.0	8	static
efi_file.c:413:28:efi_file_getinfo	40	static
efi_file.c:374:28:efi_file_setpos	32	static
efi_file.c:338:28:efi_file_write	48	static
efi_file.c:316:28:efi_file_read	56	static
efi_file.c:130:32:file_open	48	static
efi_file.c:534:1:efi_open_volume	24	static
efi_file.c:191:28:efi_file_open	24	static
efi_file.c:214:28:efi_file_close	8	static
efi_file.c:490:25:efi_file_from_path	48	static
efi_file.c:547:1:efi_simple_file_system	16	static
