efi_boottime.c:109:20:indent_string	16	static
efi_boottime.c:61:5:__efi_entry_check	8	static
efi_boottime.c:73:5:__efi_exit_check	8	static
efi_boottime.c:2064:20:efi_set_mem	24	static
efi_boottime.c:2045:20:efi_copy_mem	24	static
efi_boottime.c:2025:28:efi_calculate_crc32	24	static
efi_boottime.c:1641:28:efi_close_protocol	8	static
efi_boottime.c:1619:28:efi_disconnect_controller	8	static
efi_boottime.c:1596:28:efi_connect_controller	8	static
efi_boottime.c:1573:28:efi_set_watchdog_timer	16	static
efi_boottime.c:1553:28:efi_stall	16	static
efi_boottime.c:1535:28:efi_get_next_monotonic_count	16	static
efi_boottime.c:972:28:efi_register_protocol_notify	8	static
efi_boottime.c:910:28:efi_reinstall_protocol_interface	8	static
efi_boottime.c:753:28:efi_close_event	16	static
efi_boottime.c:315:28:efi_free_pool_ext	16	static
efi_boottime.c:294:28:efi_allocate_pool_ext	24	static
efi_boottime.c:266:28:efi_get_memory_map_ext	32	static
efi_boottime.c:241:28:efi_free_pages_ext	24	static
efi_boottime.c:219:28:efi_allocate_pages_ext	24	static
efi_boottime.c:193:20:efi_restore_tpl	16	static
efi_boottime.c:168:29:efi_raise_tpl	24	static
efi_boottime.c:1664:28:efi_open_protocol_information	8	static
efi_boottime.c:83:6:efi_save_gd	4	static
efi_boottime.c:95:6:efi_restore_gd	4	static
efi_boottime.c:1409:28:efi_exit	16	static
efi_boottime.c:117:13:__efi_nesting	8	static
efi_boottime.c:122:13:__efi_nesting_inc	16	static
efi_boottime.c:127:13:__efi_nesting_dec	16	static
efi_boottime.c:1368:28:efi_start_image	24	static
efi_boottime.c:145:6:efi_signal_event	16	static
efi_boottime.c:1492:28:efi_exit_boot_services	16	static
efi_boottime.c:725:28:efi_signal_event_ext	16	static
efi_boottime.c:332:6:efi_add_handle	0	static
efi_boottime.c:347:14:efi_create_handle	24	static
efi_boottime.c:483:14:efi_create_event	32	static
efi_boottime.c:532:28:efi_create_event_ext	32	static
efi_boottime.c:553:6:efi_timer_check	24	static
efi_boottime.c:782:28:efi_check_event	24	static
efi_boottime.c:663:28:efi_wait_for_event	32	static
efi_boottime.c:594:14:efi_set_timer	48	static
efi_boottime.c:643:28:efi_set_timer_ext	24	static
efi_boottime.c:808:20:efi_search_obj	8	static
efi_boottime.c:370:14:efi_search_protocol	24	static
efi_boottime.c:403:14:efi_remove_protocol	24	static
efi_boottime.c:1794:28:efi_locate_protocol	40	static
efi_boottime.c:2086:28:efi_open_protocol	40	static
efi_boottime.c:2146:28:efi_handle_protocol	16	static
efi_boottime.c:931:28:efi_uninstall_protocol_interface	32	static
efi_boottime.c:1026:21:efi_locate_handle	32	static
efi_boottime.c:1749:28:efi_locate_handle_buffer	56	static
efi_boottime.c:1835:28:efi_locate_device_path	72	static
efi_boottime.c:1097:28:efi_locate_handle_ext	32	static
efi_boottime.c:425:14:efi_remove_all_protocols	24	static
efi_boottime.c:453:6:efi_delete_handle	16	static
efi_boottime.c:1686:28:efi_protocols_per_handle	24	static
efi_boottime.c:1454:28:efi_unload_image	16	static
efi_boottime.c:828:14:efi_add_protocol	24	static
efi_boottime.c:864:28:efi_install_protocol_interface	24	static
efi_boottime.c:1968:28:efi_uninstall_multiple_protocol_interfaces	32	static
efi_boottime.c:1911:28:efi_install_multiple_protocol_interfaces	32	static
efi_boottime.c:1130:14:efi_install_configuration_table	40	static
efi_boottime.c:1171:28:efi_install_configuration_table_ext	16	static
efi_boottime.c:1189:14:efi_setup_loaded_image	24	static
efi_boottime.c:1245:14:efi_load_image_from_path	32	static
efi_boottime.c:1302:28:efi_load_image	40	static
