fdtdec.c:643:20:get_prop_check_min_len	24	static
fdtdec.c:78:13:fdtdec_get_compatible	0	static
fdtdec.c:310:10:fdtdec_get_uint64	32	static
fdtdec.c:323:5:fdtdec_get_is_enabled	8	static
fdtdec.c:340:20:fdtdec_lookup	24	static
fdtdec.c:352:5:fdtdec_next_compatible	8	static
fdtdec.c:358:5:fdtdec_next_compatible_subnode	24	static
fdtdec.c:373:5:fdtdec_next_alias	72	static
fdtdec.c:404:5:fdtdec_add_aliases_for_id	72	dynamic
fdtdec.c:395:5:fdtdec_find_aliases_for_id	32	static
fdtdec.c:518:5:fdtdec_get_alias_seq	56	static
fdtdec.c:560:13:fdtdec_get_chosen_prop	16	static
fdtdec.c:570:5:fdtdec_get_chosen_node	16	static
fdtdec.c:597:5:fdtdec_prepare_fdt	16	static
fdtdec.c:580:5:fdtdec_check_fdt	8	static
fdtdec.c:618:5:fdtdec_lookup_phandle	16	static
fdtdec.c:660:5:fdtdec_get_int_array	48	static
fdtdec.c:1060:12:decode_timing_property	40	static
fdtdec.c:676:5:fdtdec_get_int_array_count	40	static
fdtdec.c:696:12:fdtdec_locate_array	32	static
fdtdec.c:707:5:fdtdec_get_bool	16	static
fdtdec.c:717:5:fdtdec_parse_phandle_with_args	48	static
fdtdec.c:841:5:fdtdec_get_child_count	16	static
fdtdec.c:852:5:fdtdec_get_byte_array	32	static
fdtdec.c:864:11:fdtdec_locate_byte_array	32	static
fdtdec.c:876:5:fdtdec_get_config_int	24	static
fdtdec.c:888:5:fdtdec_get_config_bool	16	static
fdtdec.c:902:7:fdtdec_get_config_string	24	static
fdtdec.c:920:5:fdtdec_decode_region	24	static
fdtdec.c:942:5:fdtdec_get_number	20	static
fdtdec.c:85:12:fdtdec_get_addr_size_fixed	40	static
fdtdec.c:140:12:fdtdec_get_addr_size_auto_parent	48	static
fdtdec.c:166:12:fdtdec_get_addr_size_auto_noparent	48	static
fdtdec.c:184:12:fdtdec_get_addr_size	32	static
fdtdec.c:194:12:fdtdec_get_addr	8	static
fdtdec.c:952:5:fdt_get_resource	48	static
fdtdec.c:986:5:fdt_get_named_resource	32	static
fdtdec.c:999:5:fdtdec_decode_memory_region	104	static
fdtdec.c:1084:5:fdtdec_decode_display_timing	32	static
fdtdec.c:1152:5:fdtdec_setup_memory_size	32	static
fdtdec.c:1177:5:fdtdec_setup_memory_banksize	40	static
fdtdec.c:1275:5:fdtdec_setup	8	static
