vsprintf.c:49:14:put_dec_trunc	20	static
vsprintf.c:127:23:put_dec	48	static
vsprintf.c:156:14:number	120	static
vsprintf.c:255:14:string	24	static
vsprintf.c:485:12:vsnprintf_internal	128	dynamic
vsprintf.c:684:5:vsnprintf	8	static
vsprintf.c:690:5:vscnprintf	8	static
vsprintf.c:703:5:snprintf	16	static
vsprintf.c:715:5:scnprintf	16	static
vsprintf.c:740:5:vsprintf	8	static
vsprintf.c:745:5:sprintf	12	static
vsprintf.c:756:5:printf	1040	static
vsprintf.c:776:5:vprintf	1032	static
vsprintf.c:793:6:__assert_fail	16	static
vsprintf.c:801:7:simple_itoa	24	static
vsprintf.c:816:6:print_grouped_ull	56	static
vsprintf.c:831:6:str2off	24	static
vsprintf.c:839:6:str2long	24	static
