Archive member included to satisfy reference by file (symbol)

arch/arm/lib/lib.a(ashldi3.o)
                              lib/built-in.o (__aeabi_llsl)
arch/arm/lib/lib.a(lib1funcs.o)
                              arch/arm/mach-sunxi/built-in.o (__aeabi_uidiv)
arch/arm/lib/lib.a(lshrdi3.o)
                              lib/built-in.o (__aeabi_llsr)
arch/arm/lib/lib.a(muldi3.o)  lib/built-in.o (__aeabi_lmul)
arch/arm/lib/lib.a(div0.o)    arch/arm/lib/lib.a(lib1funcs.o) (__div0)

Discarded input sections

 .data          0x0000000000000000        0x0 arch/arm/cpu/arm926ejs/start.o
 .bss           0x0000000000000000        0x0 arch/arm/cpu/arm926ejs/start.o
 .text          0x0000000000000000        0x0 arch/arm/mach-sunxi/built-in.o
 .text.sunxi_get_boot_device
                0x0000000000000000       0x4c arch/arm/mach-sunxi/built-in.o
 .text.enable_caches
                0x0000000000000000        0xe arch/arm/mach-sunxi/built-in.o
 .text.print_cpuinfo
                0x0000000000000000       0x10 arch/arm/mach-sunxi/built-in.o
 .text.sunxi_get_sid
                0x0000000000000000       0x2c arch/arm/mach-sunxi/built-in.o
 .text.sunxi_gpio_get_cfgbank
                0x0000000000000000       0x18 arch/arm/mach-sunxi/built-in.o
 .text.sunxi_gpio_get_cfgpin
                0x0000000000000000       0x28 arch/arm/mach-sunxi/built-in.o
 .text.sunxi_gpio_parse_pin_name
                0x0000000000000000       0x2a arch/arm/mach-sunxi/built-in.o
 .text.sunxi_gpio_setup_dt_pins
                0x0000000000000000      0x114 arch/arm/mach-sunxi/built-in.o
 .text.usb_phy_write.isra.0
                0x0000000000000000       0x64 arch/arm/mach-sunxi/built-in.o
 .text.sunxi_usb_phy_enable_squelch_detect
                0x0000000000000000       0x24 arch/arm/mach-sunxi/built-in.o
 .text.sunxi_usb_phy_init
                0x0000000000000000       0x70 arch/arm/mach-sunxi/built-in.o
 .text.sunxi_usb_phy_exit
                0x0000000000000000       0x40 arch/arm/mach-sunxi/built-in.o
 .text.sunxi_usb_phy_power_on
                0x0000000000000000       0x4c arch/arm/mach-sunxi/built-in.o
 .text.sunxi_usb_phy_power_off
                0x0000000000000000       0x28 arch/arm/mach-sunxi/built-in.o
 .text.sunxi_usb_phy_vbus_detect
                0x0000000000000000       0x48 arch/arm/mach-sunxi/built-in.o
 .text.sunxi_usb_phy_id_detect
                0x0000000000000000       0x20 arch/arm/mach-sunxi/built-in.o
 .text.sunxi_usb_phy_probe
                0x0000000000000000       0xa0 arch/arm/mach-sunxi/built-in.o
 .text.sunxi_usb_phy_remove
                0x0000000000000000       0x3c arch/arm/mach-sunxi/built-in.o
 .text.clock_set_pll3
                0x0000000000000000       0x38 arch/arm/mach-sunxi/built-in.o
 .text.clock_set_pll5
                0x0000000000000000       0x9c arch/arm/mach-sunxi/built-in.o
 .text.clock_get_pll3
                0x0000000000000000       0x30 arch/arm/mach-sunxi/built-in.o
 .text.clock_get_mipi_pll
                0x0000000000000000       0x44 arch/arm/mach-sunxi/built-in.o
 .text.clock_set_de_mod_clock
                0x0000000000000000       0x2e arch/arm/mach-sunxi/built-in.o
 .rodata.print_cpuinfo.str1.1
                0x0000000000000000       0x23 arch/arm/mach-sunxi/built-in.o
 .rodata.sunxi_gpio_setup_dt_pins.str1.1
                0x0000000000000000       0x75 arch/arm/mach-sunxi/built-in.o
 .rodata.sunxi_usb_phy_probe.str1.1
                0x0000000000000000       0x22 arch/arm/mach-sunxi/built-in.o
 .data.sunxi_usb_phy
                0x0000000000000000       0x40 arch/arm/mach-sunxi/built-in.o
 .bss           0x0000000000000000        0x0 arch/arm/mach-sunxi/built-in.o
 .bss.initial_usb_scan_delay
                0x0000000000000000        0x4 arch/arm/mach-sunxi/built-in.o
 .text.cleanup_before_linux
                0x0000000000000000       0x20 arch/arm/cpu/arm926ejs/built-in.o
 .text.invalidate_dcache_all
                0x0000000000000000        0xc arch/arm/cpu/arm926ejs/built-in.o
 .text.flush_dcache_all
                0x0000000000000000       0x14 arch/arm/cpu/arm926ejs/built-in.o
 .text.invalidate_dcache_range
                0x0000000000000000       0x2c arch/arm/cpu/arm926ejs/built-in.o
 .text.flush_dcache_range
                0x0000000000000000       0x38 arch/arm/cpu/arm926ejs/built-in.o
 .text.l2_cache_disable
                0x0000000000000000        0x4 arch/arm/cpu/arm926ejs/built-in.o
 .text.invalidate_l2_cache
                0x0000000000000000        0x4 arch/arm/cpu/arm926ejs/built-in.o
 .text.s_init   0x0000000000000000        0x4 arch/arm/cpu/arm926ejs/built-in.o
 .data          0x0000000000000000        0x0 arch/arm/cpu/arm926ejs/built-in.o
 .bss           0x0000000000000000        0x0 arch/arm/cpu/arm926ejs/built-in.o
 .text.setjmp   0x0000000000000000       0x10 arch/arm/lib/built-in.o
 .text.longjmp  0x0000000000000000       0x1c arch/arm/lib/built-in.o
 .text.board_init_f
                0x0000000000000000        0x2 arch/arm/lib/built-in.o
[...]
Memory Configuration

Name             Origin             Length             Attributes
.sram            0x0000000000000060 0x0000000000005fa0
.sdram           0x0000000081f80000 0x0000000000080000
*default*        0x0000000000000000 0xffffffffffffffff

Linker script and memory map


.text           0x0000000000000060     0x3b58
                0x0000000000000060                __start = .
 *(.vectors)
 .vectors       0x0000000000000060       0x44 arch/arm/lib/built-in.o
                0x0000000000000060                _start
                0x0000000000000080                _undefined_instruction
                0x0000000000000084                _software_interrupt
                0x0000000000000088                _prefetch_abort
                0x000000000000008c                _data_abort
                0x0000000000000090                _not_used
                0x0000000000000094                _irq
                0x0000000000000098                _fiq
 arch/arm/cpu/arm926ejs/start.o(.text)
 .text          0x00000000000000a4       0x64 arch/arm/cpu/arm926ejs/start.o
                0x00000000000000a4                reset
                0x00000000000000a8                save_boot_params_ret
                0x00000000000000c0                c_runtime_cpu_setup
 *(.text*)
 .text.spl_board_load_image
                0x0000000000000108       0x18 arch/arm/mach-sunxi/built-in.o
 .text.s_init   0x0000000000000120       0x2e arch/arm/mach-sunxi/built-in.o
                0x0000000000000120                s_init
 *fill*         0x000000000000014e        0x2 
 .text.board_boot_order
                0x0000000000000150       0x30 arch/arm/mach-sunxi/built-in.o
                0x0000000000000150                board_boot_order
 .text.spl_boot_mode
                0x0000000000000180        0x4 arch/arm/mach-sunxi/built-in.o
                0x0000000000000180                spl_boot_mode
 .text.board_init_f
                0x0000000000000184       0x16 arch/arm/mach-sunxi/built-in.o
                0x0000000000000184                board_init_f
 *fill*         0x000000000000019a        0x2 
 .text.reset_cpu
                0x000000000000019c       0x1c arch/arm/mach-sunxi/built-in.o
                0x000000000000019c                reset_cpu
 .text.clock_init_sec
                0x00000000000001b8        0x4 arch/arm/mach-sunxi/built-in.o
                0x00000000000001ba                clock_init_sec
 .text.gtbus_init
                0x00000000000001bc        0x2 arch/arm/mach-sunxi/built-in.o
                0x00000000000001bc                gtbus_init
 .text.clock_init
                0x00000000000001be       0x16 arch/arm/mach-sunxi/built-in.o
                0x00000000000001be                clock_init
 .text.mctl_await_completion
                0x00000000000001d4       0x30 arch/arm/mach-sunxi/built-in.o
                0x00000000000001d4                mctl_await_completion
 .text.sunxi_gpio_set_cfgbank
                0x0000000000000204       0x20 arch/arm/mach-sunxi/built-in.o
                0x0000000000000204                sunxi_gpio_set_cfgbank
 .text.sunxi_gpio_set_cfgpin
                0x0000000000000224       0x2c arch/arm/mach-sunxi/built-in.o
                0x0000000000000224                sunxi_gpio_set_cfgpin
 .text.sunxi_gpio_set_drv
                0x0000000000000250       0x40 arch/arm/mach-sunxi/built-in.o
                0x0000000000000250                sunxi_gpio_set_drv
 .text.sunxi_gpio_set_pull
                0x0000000000000290       0x40 arch/arm/mach-sunxi/built-in.o
                0x0000000000000290                sunxi_gpio_set_pull
 .text.clock_init_uart
                0x00000000000002d0       0x44 arch/arm/mach-sunxi/built-in.o
                0x00000000000002d0                clock_init_uart
 .text.clock_set_pll1
                0x0000000000000314       0x88 arch/arm/mach-sunxi/built-in.o
                0x0000000000000314                clock_set_pll1
 .text.clock_init_safe
                0x000000000000039c       0x34 arch/arm/mach-sunxi/built-in.o
                0x000000000000039c                clock_init_safe
 .text.clock_get_pll6
                0x00000000000003d0       0x28 arch/arm/mach-sunxi/built-in.o
                0x00000000000003d0                clock_get_pll6
 .text.dram_delay_scan
                0x00000000000003f8       0x28 arch/arm/mach-sunxi/built-in.o
 .text.dram_set_autofresh_cycle
                0x0000000000000420       0x98 arch/arm/mach-sunxi/built-in.o
 .text.dram_scan_readpipe.constprop.4
                0x00000000000004b8      0x144 arch/arm/mach-sunxi/built-in.o
 .text.dram_para_setup.constprop.5
                0x00000000000005fc       0x88 arch/arm/mach-sunxi/built-in.o
 .text.sunxi_dram_init
                0x0000000000000684      0x300 arch/arm/mach-sunxi/built-in.o
                0x0000000000000684                sunxi_dram_init
 .text          0x0000000000000984       0x54 arch/arm/cpu/arm926ejs/built-in.o
                0x0000000000000984                save_boot_params
                0x00000000000009ac                return_to_fel
 .text.timer_init
                0x00000000000009d8       0x20 arch/arm/cpu/arm926ejs/built-in.o
                0x00000000000009d8                timer_init
 .text.get_timer_masked
                0x00000000000009f8       0x50 arch/arm/cpu/arm926ejs/built-in.o
                0x00000000000009f8                get_timer_masked
 .text.get_timer
                0x0000000000000a48       0x14 arch/arm/cpu/arm926ejs/built-in.o
                0x0000000000000a48                get_timer
 .text.__udelay
                0x0000000000000a5c       0x38 arch/arm/cpu/arm926ejs/built-in.o
                0x0000000000000a5c                __udelay
 .text.get_ticks
                0x0000000000000a94       0x10 arch/arm/cpu/arm926ejs/built-in.o
                0x0000000000000a94                get_ticks
 .text.get_tbclk
                0x0000000000000aa4        0x6 arch/arm/cpu/arm926ejs/built-in.o
                0x0000000000000aa4                get_tbclk
 *fill*         0x0000000000000aaa        0x2 
 .text.lowlevel_init
                0x0000000000000aac       0x1c arch/arm/cpu/arm926ejs/built-in.o
                0x0000000000000aac                lowlevel_init
 *fill*         0x0000000000000ac8       0x18 
 .text          0x0000000000000ae0      0x460 arch/arm/lib/built-in.o
                0x0000000000000ae0                _main
                0x0000000000000b60                memset
                0x0000000000000c08                memcpy
 .text.disable_interrupts
                0x0000000000000f40        0x4 arch/arm/lib/built-in.o
                0x0000000000000f40                disable_interrupts
 .text.reset_misc
                0x0000000000000f44        0x2 arch/arm/lib/built-in.o
                0x0000000000000f44                reset_misc
 *fill*         0x0000000000000f46        0x2 
 .text.do_reset
                0x0000000000000f48       0x28 arch/arm/lib/built-in.o
                0x0000000000000f48                do_reset
 .text.i2c_init_board
                0x0000000000000f70        0x2 board/sunxi/built-in.o
                0x0000000000000f70                i2c_init_board
 .text.board_mmc_init
                0x0000000000000f72       0x3a board/sunxi/built-in.o
                0x0000000000000f72                board_mmc_init
 .text.sunxi_board_init
                0x0000000000000fac       0x44 board/sunxi/built-in.o
                0x0000000000000fac                sunxi_board_init
 .text.show_boot_progress
                0x0000000000000ff0        0x2 common/spl/built-in.o
                0x0000000000000ff0                show_boot_progress
 .text.spl_board_prepare_for_boot
                0x0000000000000ff2        0x2 common/spl/built-in.o
                0x0000000000000ff2                spl_board_prepare_for_boot
 .text.spl_set_header_raw_uboot
                0x0000000000000ff4       0x2c common/spl/built-in.o
                0x0000000000000ff4                spl_set_header_raw_uboot
 .text.spl_parse_image_header
                0x0000000000001020       0x94 common/spl/built-in.o
                0x0000000000001020                spl_parse_image_header
 .text.jump_to_image_no_args
                0x00000000000010b4        0x8 common/spl/built-in.o
                0x00000000000010b4                jump_to_image_no_args
 .text.spl_set_bd
                0x00000000000010bc       0x18 common/spl/built-in.o
                0x00000000000010bc                spl_set_bd
 .text.spl_init
                0x00000000000010d4       0x24 common/spl/built-in.o
                0x00000000000010d4                spl_init
 .text.board_init_r
                0x00000000000010f8       0xb8 common/spl/built-in.o
                0x00000000000010f8                board_init_r
 .text.preloader_console_init
                0x00000000000011b0       0x24 common/spl/built-in.o
                0x00000000000011b0                preloader_console_init
 .text.spl_relocate_stack_gd
                0x00000000000011d4       0x34 common/spl/built-in.o
                0x00000000000011d4                spl_relocate_stack_gd
 .text.spl_mmc_load_image
                0x0000000000001208      0x11c common/spl/built-in.o
                0x0000000000001208                spl_mmc_load_image
 .text.board_init_f_alloc_reserve
                0x0000000000001324       0x10 common/init/built-in.o
                0x0000000000001324                board_init_f_alloc_reserve
 .text.board_init_f_init_reserve
                0x0000000000001334       0x1e common/init/built-in.o
                0x0000000000001334                board_init_f_init_reserve
 *fill*         0x0000000000001352        0x2 
 .text.fputc    0x0000000000001354       0x1c common/built-in.o
                0x0000000000001354                fputc
 .text.putc     0x0000000000001370       0x24 common/built-in.o
                0x0000000000001370                putc
 .text.fputs    0x0000000000001394       0x1c common/built-in.o
                0x0000000000001394                fputs
 .text.puts     0x00000000000013b0       0x24 common/built-in.o
                0x00000000000013b0                puts
 .text.malloc_simple
                0x00000000000013d4       0x32 common/built-in.o
                0x00000000000013d4                malloc_simple
 .text.calloc   0x0000000000001406       0x22 common/built-in.o
                0x0000000000001406                calloc
 .text.__div64_32
                0x0000000000001428       0xa2 lib/built-in.o
                0x0000000000001428                __div64_32
 *fill*         0x00000000000014ca        0x2 
 .text.hang     0x00000000000014cc       0x18 lib/built-in.o
                0x00000000000014cc                hang
 .text.strcpy   0x00000000000014e4        0xe lib/built-in.o
                0x00000000000014e4                strcpy
 .text.strncmp  0x00000000000014f2       0x22 lib/built-in.o
                0x00000000000014f2                strncmp
 .text.memcmp   0x0000000000001514       0x1a lib/built-in.o
                0x0000000000001514                memcmp
 .text.tick_to_time
                0x000000000000152e       0x46 lib/built-in.o
 .text.timer_get_us
                0x0000000000001574       0x1c lib/built-in.o
                0x0000000000001574                timer_get_us
 .text.udelay   0x0000000000001590       0x28 lib/built-in.o
                0x0000000000001590                udelay
 .text.putc_outstr
                0x00000000000015b8        0xa lib/built-in.o
 .text.putc_normal
                0x00000000000015c2        0xa lib/built-in.o
 .text.div_out  0x00000000000015cc       0x38 lib/built-in.o
 .text._vprintf
                0x0000000000001604      0x1d4 lib/built-in.o
 .text.vprintf  0x00000000000017d8       0x18 lib/built-in.o
                0x00000000000017d8                vprintf
 .text.printf   0x00000000000017f0       0x20 lib/built-in.o
                0x00000000000017f0                printf
 .text.sprintf  0x0000000000001810       0x28 lib/built-in.o
                0x0000000000001810                sprintf
 .text.panic_finish
                0x0000000000001838       0x20 lib/built-in.o
 .text.panic    0x0000000000001858       0x12 lib/built-in.o
                0x0000000000001858                panic
 *fill*         0x000000000000186a        0x2 
 .text._parse_integer_fixup_radix
                0x000000000000186c       0x60 lib/built-in.o
 .text.simple_strtoul
                0x00000000000018cc       0x64 lib/built-in.o
                0x00000000000018cc                simple_strtoul
 .text.simple_strtol
                0x0000000000001930       0x18 lib/built-in.o
                0x0000000000001930                simple_strtol
 .text.part_init
                0x0000000000001948       0x3c disk/built-in.o
                0x0000000000001948                part_init
 .text.part_set_generic_name
                0x0000000000001984       0x3c disk/built-in.o
                0x0000000000001984                part_set_generic_name
 .text.test_block_type
                0x00000000000019c0       0x58 disk/built-in.o
 .text.part_test_dos
                0x0000000000001a18       0x40 disk/built-in.o
 .text.iso_dread
                0x0000000000001a58       0x26 disk/built-in.o
                0x0000000000001a58                iso_dread
 *fill*         0x0000000000001a7e        0x2 
 .text.part_get_info_iso_verb
                0x0000000000001a80      0x26c disk/built-in.o
                0x0000000000001a80                part_get_info_iso_verb
 .text.part_test_iso
                0x0000000000001cec       0x12 disk/built-in.o
 *fill*         0x0000000000001cfe        0x2 
 .text.part_print_iso
                0x0000000000001d00       0x60 disk/built-in.o
 .text.part_get_info_iso
                0x0000000000001d60        0xa disk/built-in.o
 *fill*         0x0000000000001d6a        0x2 
 .text.part_test_efi
                0x0000000000001d6c       0x90 disk/built-in.o
 .text.mmc_set_ios
                0x0000000000001dfc       0x16 drivers/built-in.o
 .text.mmc_set_capacity
                0x0000000000001e12       0x7a drivers/built-in.o
 .text.board_mmc_getcd
                0x0000000000001e8c        0x6 drivers/built-in.o
                0x0000000000001e8c                board_mmc_getcd
 .text.mmc_send_cmd
                0x0000000000001e92       0x12 drivers/built-in.o
                0x0000000000001e92                mmc_send_cmd
 .text.mmc_send_ext_csd
                0x0000000000001ea4       0x32 drivers/built-in.o
 .text.mmc_go_idle
                0x0000000000001ed6       0x38 drivers/built-in.o
 *fill*         0x0000000000001f0e        0x2 
 .text.mmc_send_op_cond_iter
                0x0000000000001f10       0x54 drivers/built-in.o
 .text.mmc_send_status
                0x0000000000001f64       0x94 drivers/built-in.o
                0x0000000000001f64                mmc_send_status
 .text.mmc_set_blocklen
                0x0000000000001ff8       0x32 drivers/built-in.o
                0x0000000000001ff8                mmc_set_blocklen
 *fill*         0x000000000000202a        0x2 
 .text.mmc_bread
                0x000000000000202c       0xf8 drivers/built-in.o
                0x000000000000202c                mmc_bread
 .text.mmc_switch
                0x0000000000002124       0x4c drivers/built-in.o
                0x0000000000002124                mmc_switch
 .text.mmc_switch_part
                0x0000000000002170       0x4c drivers/built-in.o
                0x0000000000002170                mmc_switch_part
 .text.mmc_getcd
                0x00000000000021bc       0x26 drivers/built-in.o
                0x00000000000021bc                mmc_getcd
 .text.mmc_set_clock
                0x00000000000021e2       0x22 drivers/built-in.o
                0x00000000000021e2                mmc_set_clock
 .text.mmc_startup
                0x0000000000002204      0xa18 drivers/built-in.o
 .text.board_mmc_power_init
                0x0000000000002c1c        0x2 drivers/built-in.o
                0x0000000000002c1c                board_mmc_power_init
 *fill*         0x0000000000002c1e        0x2 
 .text.mmc_start_init
                0x0000000000002c20      0x19c drivers/built-in.o
                0x0000000000002c20                mmc_start_init
 .text.mmc_init
                0x0000000000002dbc       0xd0 drivers/built-in.o
                0x0000000000002dbc                mmc_init
 .text.cpu_mmc_init
                0x0000000000002e8c        0x6 drivers/built-in.o
                0x0000000000002e8c                cpu_mmc_init
 *fill*         0x0000000000002e92        0x2 
 .text.mmc_initialize
                0x0000000000002e94       0x38 drivers/built-in.o
                0x0000000000002e94                mmc_initialize
 .text.mmc_berase
                0x0000000000002ecc        0x4 drivers/built-in.o
 .text.mmc_bwrite
                0x0000000000002ed0        0x4 drivers/built-in.o
 .text.find_mmc_device
                0x0000000000002ed4       0x30 drivers/built-in.o
                0x0000000000002ed4                find_mmc_device
 .text.mmc_select_hwpartp
                0x0000000000002f04       0x3a drivers/built-in.o
 .text.mmc_get_dev
                0x0000000000002f3e       0x20 drivers/built-in.o
 *fill*         0x0000000000002f5e        0x2 
 .text.mmc_get_next_devnum
                0x0000000000002f60       0x10 drivers/built-in.o
                0x0000000000002f60                mmc_get_next_devnum
 .text.mmc_get_blk_desc
                0x0000000000002f70        0x4 drivers/built-in.o
                0x0000000000002f70                mmc_get_blk_desc
 .text.mmc_do_preinit
                0x0000000000002f74       0x24 drivers/built-in.o
                0x0000000000002f74                mmc_do_preinit
 .text.mmc_list_init
                0x0000000000002f98       0x18 drivers/built-in.o
                0x0000000000002f98                mmc_list_init
 .text.mmc_list_add
                0x0000000000002fb0       0x14 drivers/built-in.o
                0x0000000000002fb0                mmc_list_add
 .text.mmc_create
                0x0000000000002fc4       0x80 drivers/built-in.o
                0x0000000000002fc4                mmc_create
 .text.sunxi_mmc_core_init
                0x0000000000003044       0x1e drivers/built-in.o
 *fill*         0x0000000000003062        0x2 
 .text.sunxi_mmc_getcd_gpio
                0x0000000000003064       0x20 drivers/built-in.o
 .text.sunxi_mmc_getcd_legacy
                0x0000000000003084       0x22 drivers/built-in.o
 *fill*         0x00000000000030a6        0x2 
 .text.mmc_update_clk.isra.1
                0x00000000000030a8       0x48 drivers/built-in.o
 .text.mmc_set_mod_clk
                0x00000000000030f0       0xa4 drivers/built-in.o
 .text.sunxi_mmc_set_ios_legacy
                0x0000000000003194       0x8c drivers/built-in.o
 .text.sunxi_mmc_send_cmd_legacy
                0x0000000000003220      0x224 drivers/built-in.o
 .text.sunxi_mmc_init
                0x0000000000003444      0x138 drivers/built-in.o
                0x0000000000003444                sunxi_mmc_init
 .text.get_current
                0x000000000000357c       0x34 drivers/built-in.o
 .text.serial_init
                0x00000000000035b0       0x1e drivers/built-in.o
                0x00000000000035b0                serial_init
 .text.serial_putc
                0x00000000000035ce       0x18 drivers/built-in.o
                0x00000000000035ce                serial_putc
 .text.serial_puts
                0x00000000000035e6       0x18 drivers/built-in.o
                0x00000000000035e6                serial_puts
 *fill*         0x00000000000035fe        0x2 
 .text._serial_putc
                0x0000000000003600       0x30 drivers/built-in.o
 .text.eserial1_putc
                0x0000000000003630       0x10 drivers/built-in.o
 .text._serial_puts
                0x0000000000003640       0x20 drivers/built-in.o
 .text.eserial1_puts
                0x0000000000003660       0x10 drivers/built-in.o
 .text._serial_setbrg
                0x0000000000003670       0x30 drivers/built-in.o
 .text.eserial1_setbrg
                0x00000000000036a0       0x10 drivers/built-in.o
 .text.eserial1_init
                0x00000000000036b0       0x2c drivers/built-in.o
 .text.eserial1_getc
                0x00000000000036dc       0x14 drivers/built-in.o
 .text.eserial1_tstc
                0x00000000000036f0       0x14 drivers/built-in.o
 .text.default_serial_console
                0x0000000000003704        0x8 drivers/built-in.o
                0x0000000000003704                default_serial_console
 .text.ns16550_calc_divisor
                0x000000000000370c       0x10 drivers/built-in.o
                0x000000000000370c                ns16550_calc_divisor
 .text.NS16550_init
                0x000000000000371c       0x36 drivers/built-in.o
                0x000000000000371c                NS16550_init
 .text.NS16550_reinit
                0x0000000000003752       0x34 drivers/built-in.o
                0x0000000000003752                NS16550_reinit
 .text.NS16550_putc
                0x0000000000003786       0x14 drivers/built-in.o
                0x0000000000003786                NS16550_putc
 .text.NS16550_getc
                0x000000000000379a       0x18 drivers/built-in.o
                0x000000000000379a                NS16550_getc
 .text.NS16550_tstc
                0x00000000000037b2       0x10 drivers/built-in.o
                0x00000000000037b2                NS16550_tstc
 .text.gpio_request
                0x00000000000037c2        0x4 drivers/built-in.o
                0x00000000000037c2                gpio_request
 .text.gpio_direction_input
                0x00000000000037c6       0x12 drivers/built-in.o
                0x00000000000037c6                gpio_direction_input
 .text.gpio_get_value
                0x00000000000037d8       0x34 drivers/built-in.o
                0x00000000000037d8                gpio_get_value
 .text.sunxi_name_to_gpio
                0x000000000000380c       0x64 drivers/built-in.o
                0x000000000000380c                sunxi_name_to_gpio
 .text.blk_driver_lookup_type
                0x0000000000003870       0x20 drivers/built-in.o
                0x0000000000003870                blk_driver_lookup_type
 .text.blk_dselect_hwpart
                0x0000000000003890       0x24 drivers/built-in.o
                0x0000000000003890                blk_dselect_hwpart
 .text.__ashldi3
                0x00000000000038b4       0x1c arch/arm/lib/lib.a(ashldi3.o)
                0x00000000000038b4                __ashldi3
                0x00000000000038b4                __aeabi_llsl
 .text.__udivsi3
                0x00000000000038d0       0x9c arch/arm/lib/lib.a(lib1funcs.o)
                0x00000000000038d0                __udivsi3
                0x00000000000038d0                __aeabi_uidiv
 .text.__divsi3
                0x000000000000396c       0xcc arch/arm/lib/lib.a(lib1funcs.o)
                0x000000000000396c                __aeabi_idiv
                0x000000000000396c                __divsi3
 .text.__aeabi_uidivmod
                0x0000000000003a38       0x30 arch/arm/lib/lib.a(lib1funcs.o)
                0x0000000000003a38                __aeabi_uidivmod
                0x0000000000003a50                __aeabi_idivmod
 .text.Ldiv0    0x0000000000003a68       0x10 arch/arm/lib/lib.a(lib1funcs.o)
 .text.__gnu_thumb1_case_uqi
                0x0000000000003a78       0x24 arch/arm/lib/lib.a(lib1funcs.o)
                0x0000000000003a78                __gnu_thumb1_case_uqi
 .text.__gnu_thumb1_case_uhi
                0x0000000000003a9c       0x28 arch/arm/lib/lib.a(lib1funcs.o)
                0x0000000000003a9c                __gnu_thumb1_case_uhi
 .text.__muldi3
                0x0000000000003ac4       0x3c arch/arm/lib/lib.a(muldi3.o)
                0x0000000000003ac4                __aeabi_lmul
                0x0000000000003ac4                __muldi3
 .text.__div0   0x0000000000003b00        0x8 arch/arm/lib/lib.a(div0.o)
                0x0000000000003b00                __div0
 .text.__div0.__stub
                0x0000000000003b08       0x98 linker stubs

.glue_7         0x0000000000003bb8        0x0
 .glue_7        0x0000000000003bb8        0x0 linker stubs

.glue_7t        0x0000000000003bb8        0x0
 .glue_7t       0x0000000000003bb8        0x0 linker stubs

.vfp11_veneer   0x0000000000003bb8        0x0
 .vfp11_veneer  0x0000000000003bb8        0x0 linker stubs

.v4_bx          0x0000000000003bb8        0x0
 .v4_bx         0x0000000000003bb8        0x0 linker stubs

.iplt           0x0000000000003bb8        0x0
 .iplt          0x0000000000003bb8        0x0 arch/arm/cpu/arm926ejs/start.o
                0x0000000000003bb8                . = ALIGN (0x4)

.rodata         0x0000000000003bb8      0x831
 *(SORT(.rodata*))
 .rodata        0x0000000000003bb8       0x14 common/spl/built-in.o
 .rodata.CSWTCH.41
                0x0000000000003bcc       0x20 disk/built-in.o
 .rodata.ext_csd_bits.9767
                0x0000000000003bec       0x14 drivers/built-in.o
 .rodata.ext_to_hostcaps.9768
                0x0000000000003c00       0x1c drivers/built-in.o
 .rodata.fbase  0x0000000000003c1c       0x10 drivers/built-in.o
 .rodata.sd_au_size
                0x0000000000003c2c       0x40 drivers/built-in.o
 .rodata.widths.9769
                0x0000000000003c6c       0x14 drivers/built-in.o
 .rodata.sunxi_mmc_ops
                0x0000000000003c80       0x14 drivers/built-in.o
 .rodata.serial_ports
                0x0000000000003c94       0x18 drivers/built-in.o
 .rodata.str1.1
                0x0000000000003cac        0x4 arch/arm/mach-sunxi/built-in.o
 .rodata.sunxi_get_boot_device.str1.1
                0x0000000000003cb0       0x21 arch/arm/mach-sunxi/built-in.o
 .rodata.mctl_await_completion.str1.1
                0x0000000000003cd1       0x1b arch/arm/mach-sunxi/built-in.o
 .rodata.sunxi_dram_init.str1.1
                0x0000000000003cec       0x30 arch/arm/mach-sunxi/built-in.o
 .rodata.do_reset.str1.1
                0x0000000000003d1c        0xf arch/arm/lib/built-in.o
 .rodata.sunxi_board_init.str1.1
                0x0000000000003d2b        0xf board/sunxi/built-in.o
 .rodata.board_init_r.str1.1
                0x0000000000003d3a       0x62 common/spl/built-in.o
 .rodata.preloader_console_init.str1.1
                0x0000000000003d9c       0x2e common/spl/built-in.o
 .rodata.spl_set_header_raw_uboot.str1.1
                0x0000000000003dca        0x7 common/spl/built-in.o
 .rodata.spl_mmc_load_image.str1.1
                0x0000000000003dd1      0x10b common/spl/built-in.o
 .rodata.str1.1
                0x0000000000003edc       0x11 common/spl/built-in.o
 .rodata._ctype
                0x0000000000003eed      0x100 lib/built-in.o
                0x0000000000003eed                _ctype
 .rodata.hang.str1.1
                0x0000000000003fed       0x2a lib/built-in.o
 .rodata.part_set_generic_name.str1.1
                0x0000000000004017        0xa disk/built-in.o
 .rodata.str1.1
                0x0000000000004021       0x1f disk/built-in.o
                                         0x22 (size before relaxing)
 .rodata.test_block_type.str1.1
                0x0000000000004040        0xa disk/built-in.o
 .rodata.part_get_info_iso_verb.str1.1
                0x000000000000404a      0x1bf disk/built-in.o
                                        0x1c6 (size before relaxing)
 .rodata.part_print_iso.str1.1
                0x0000000000004209       0x68 disk/built-in.o
 .rodata.__func__.9801
                0x0000000000004271        0x9 drivers/built-in.o
 .rodata.mmc_bread.str1.1
                0x000000000000427a       0x47 drivers/built-in.o
 .rodata.mmc_init.str1.1
                0x00000000000042c1       0x12 drivers/built-in.o
 .rodata.mmc_send_status.str1.1
                0x00000000000042d3       0x32 drivers/built-in.o
 .rodata.mmc_start_init.str1.1
                0x0000000000004305       0x3f drivers/built-in.o
 .rodata.mmc_startup.str1.1
                0x0000000000004344       0x15 drivers/built-in.o
 .rodata.multipliers
                0x0000000000004359       0x10 drivers/built-in.o
 .rodata.find_mmc_device.str1.1
                0x0000000000004369       0x19 drivers/built-in.o
 .rodata.str1.1
                0x0000000000004382        0x4 drivers/built-in.o
 .rodata.mmc_set_mod_clk.str1.1
                0x0000000000004386       0x25 drivers/built-in.o
 .rodata.sunxi_mmc_getcd_gpio.str1.1
                0x00000000000043ab       0x25 drivers/built-in.o
                                          0x1 (size before relaxing)
 .rodata.sunxi_mmc_init.str1.1
                0x00000000000043ab       0x29 drivers/built-in.o
 .rodata.get_current.str1.1
                0x00000000000043d4       0x15 drivers/built-in.o

.rel.dyn        0x00000000000043ec        0x0
 .rel.iplt      0x00000000000043ec        0x0 arch/arm/cpu/arm926ejs/start.o
                0x00000000000043ec                . = ALIGN (0x4)

.data           0x00000000000043f0      0x188
 *(SORT(.data*))
 .data          0x00000000000043f0       0xc0 arch/arm/lib/built-in.o
                0x00000000000043f0                gdata
 .data          0x00000000000044b0       0x18 arch/arm/mach-sunxi/built-in.o
                0x00000000000044b0                fel_stash
 .data.suniv_dram_para
                0x00000000000044c8       0x2c arch/arm/mach-sunxi/built-in.o
                0x00000000000044c8                suniv_dram_para
 .data          0x00000000000044f4       0x50 common/spl/built-in.o
 .data.cur_dev_num
                0x0000000000004544        0x4 drivers/built-in.o
 .data.eserial1_device
                0x0000000000004548       0x30 drivers/built-in.o
                0x0000000000004548                eserial1_device

.igot.plt       0x0000000000004578        0x0
 .igot.plt      0x0000000000004578        0x0 arch/arm/cpu/arm926ejs/start.o

.binman_sym     0x0000000000004578        0x4
 .binman_sym    0x0000000000004578        0x4 common/spl/built-in.o
                0x0000000000004578                _binman_u_boot_any_prop_pos
                0x000000000000457c                . = ALIGN (0x4)

.u_boot_list    0x000000000000457c       0x90
 *(SORT(.u_boot_list*))
 .u_boot_list_2_blk_driver_1
                0x000000000000457c        0x0 drivers/built-in.o
 .u_boot_list_2_blk_driver_2_mmc
                0x000000000000457c       0x18 drivers/built-in.o
                0x000000000000457c                _u_boot_list_2_blk_driver_2_mmc
 .u_boot_list_2_blk_driver_3
                0x0000000000004594        0x0 drivers/built-in.o
 .u_boot_list_2_cmd_1
                0x0000000000004594        0x0 common/built-in.o
 .u_boot_list_2_cmd_3
                0x0000000000004594        0x0 common/built-in.o
 .u_boot_list_2_env_driver_1
                0x0000000000004594        0x0 env/built-in.o
 .u_boot_list_2_env_driver_3
                0x0000000000004594        0x0 env/built-in.o
 .u_boot_list_2_part_driver_1
                0x0000000000004594        0x0 disk/built-in.o
 .u_boot_list_2_part_driver_2_a_efi
                0x0000000000004594       0x18 disk/built-in.o
                0x0000000000004594                _u_boot_list_2_part_driver_2_a_efi
 .u_boot_list_2_part_driver_2_dos
                0x00000000000045ac       0x18 disk/built-in.o
                0x00000000000045ac                _u_boot_list_2_part_driver_2_dos
 .u_boot_list_2_part_driver_2_iso
                0x00000000000045c4       0x18 disk/built-in.o
                0x00000000000045c4                _u_boot_list_2_part_driver_2_iso
 .u_boot_list_2_part_driver_3
                0x00000000000045dc        0x0 disk/built-in.o
 .u_boot_list_2_spl_image_loader_1
                0x00000000000045dc        0x0 common/spl/built-in.o
 .u_boot_list_2_spl_image_loader_2_spl_board_load_image0BOOT_DEVICE_BOARD
                0x00000000000045dc        0xc arch/arm/mach-sunxi/built-in.o
                0x00000000000045dc                _u_boot_list_2_spl_image_loader_2_spl_board_load_image0BOOT_DEVICE_BOARD
 .u_boot_list_2_spl_image_loader_2_spl_mmc_load_image0BOOT_DEVICE_MMC1
                0x00000000000045e8        0xc common/spl/built-in.o
                0x00000000000045e8                _u_boot_list_2_spl_image_loader_2_spl_mmc_load_image0BOOT_DEVICE_MMC1
 .u_boot_list_2_spl_image_loader_2_spl_mmc_load_image0BOOT_DEVICE_MMC2
                0x00000000000045f4        0xc common/spl/built-in.o
                0x00000000000045f4                _u_boot_list_2_spl_image_loader_2_spl_mmc_load_image0BOOT_DEVICE_MMC2
 .u_boot_list_2_spl_image_loader_2_spl_mmc_load_image0BOOT_DEVICE_MMC2_2
                0x0000000000004600        0xc common/spl/built-in.o
                0x0000000000004600                _u_boot_list_2_spl_image_loader_2_spl_mmc_load_image0BOOT_DEVICE_MMC2_2
 .u_boot_list_2_spl_image_loader_3
                0x000000000000460c        0x0 common/spl/built-in.o
                0x000000000000460c                . = ALIGN (0x4)
                0x000000000000460c                __image_copy_end = .
                0x000000000000460c                _end = .

.bss            0x0000000081f80000      0x920
                0x0000000081f80000                . = ALIGN (0x4)
                0x0000000081f80000                __bss_start = .
 *(.bss*)
 .bss.stdio_devices
                0x0000000081f80000        0xc common/built-in.o
                0x0000000081f80000                stdio_devices
 *fill*         0x0000000081f8000c       0x14 
 .bss.tmpbuf    0x0000000081f80020      0x800 disk/built-in.o
 .bss.initialized.9822
                0x0000000081f80820        0x4 drivers/built-in.o
 .bss.mmc_devices
                0x0000000081f80824        0x8 drivers/built-in.o
 .bss.mmc_host  0x0000000081f8082c       0xf0 drivers/built-in.o
                0x0000000081f8082c                mmc_host
 .bss.serial_current
                0x0000000081f8091c        0x4 drivers/built-in.o
                0x0000000081f80920                . = ALIGN (0x4)
                0x0000000081f80920                __bss_end = .
Address of section .text set to 0x60
LOAD arch/arm/cpu/arm926ejs/start.o
START GROUP
LOAD arch/arm/mach-sunxi/built-in.o
LOAD arch/arm/cpu/arm926ejs/built-in.o
LOAD arch/arm/cpu/built-in.o
LOAD arch/arm/lib/built-in.o
LOAD board/sunxi/built-in.o
LOAD common/spl/built-in.o
LOAD common/init/built-in.o
LOAD common/built-in.o
LOAD cmd/built-in.o
LOAD env/built-in.o
LOAD lib/built-in.o
LOAD disk/built-in.o
LOAD drivers/built-in.o
LOAD dts/built-in.o
LOAD fs/built-in.o
END GROUP
LOAD arch/arm/lib/eabi_compat.o
LOAD arch/arm/lib/lib.a
OUTPUT(u-boot-spl elf32-littlearm)

.ARM.attributes
                0x0000000000000000       0x27
 .ARM.attributes
                0x0000000000000000       0x1b arch/arm/cpu/arm926ejs/start.o
 .ARM.attributes
                0x000000000000001b       0x2b arch/arm/mach-sunxi/built-in.o
 .ARM.attributes
                0x0000000000000046       0x29 arch/arm/cpu/arm926ejs/built-in.o
 .ARM.attributes
                0x000000000000006f       0x27 arch/arm/lib/built-in.o
 .ARM.attributes
                0x0000000000000096       0x2b board/sunxi/built-in.o
 .ARM.attributes
                0x00000000000000c1       0x2b common/spl/built-in.o
 .ARM.attributes
                0x00000000000000ec       0x2b common/init/built-in.o
 .ARM.attributes
                0x0000000000000117       0x2b common/built-in.o
 .ARM.attributes
                0x0000000000000142       0x2b env/built-in.o
 .ARM.attributes
                0x000000000000016d       0x2b lib/built-in.o
 .ARM.attributes
                0x0000000000000198       0x2b disk/built-in.o
 .ARM.attributes
                0x00000000000001c3       0x2b drivers/built-in.o
 .ARM.attributes
                0x00000000000001ee       0x1b arch/arm/lib/lib.a(ashldi3.o)
 .ARM.attributes
                0x0000000000000209       0x1b arch/arm/lib/lib.a(lib1funcs.o)
 .ARM.attributes
                0x0000000000000224       0x1b arch/arm/lib/lib.a(muldi3.o)
 .ARM.attributes
                0x000000000000023f       0x2b arch/arm/lib/lib.a(div0.o)

.comment        0x0000000000000000       0x74
 .comment       0x0000000000000000       0x74 arch/arm/mach-sunxi/built-in.o
                                        0x3a8 (size before relaxing)
 .comment       0x0000000000000074      0x15f arch/arm/cpu/arm926ejs/built-in.o
 .comment       0x0000000000000074      0x492 arch/arm/lib/built-in.o
 .comment       0x0000000000000074       0x75 board/sunxi/built-in.o
 .comment       0x0000000000000074       0xea common/spl/built-in.o
 .comment       0x0000000000000074       0x75 common/init/built-in.o
 .comment       0x0000000000000074      0x492 common/built-in.o
 .comment       0x0000000000000074       0xea env/built-in.o
 .comment       0x0000000000000074      0x83a lib/built-in.o
 .comment       0x0000000000000074      0x1d4 disk/built-in.o
 .comment       0x0000000000000074      0x3a8 drivers/built-in.o
 .comment       0x0000000000000074       0x75 arch/arm/lib/lib.a(div0.o)

.note.GNU-stack
                0x0000000000000000        0x0
 .note.GNU-stack
                0x0000000000000000        0x0 arch/arm/mach-sunxi/built-in.o
 .note.GNU-stack
                0x0000000000000000        0x0 arch/arm/cpu/arm926ejs/built-in.o
 .note.GNU-stack
                0x0000000000000000        0x0 arch/arm/lib/built-in.o
 .note.GNU-stack
                0x0000000000000000        0x0 board/sunxi/built-in.o
 .note.GNU-stack
                0x0000000000000000        0x0 common/spl/built-in.o
 .note.GNU-stack
                0x0000000000000000        0x0 common/init/built-in.o
 .note.GNU-stack
                0x0000000000000000        0x0 common/built-in.o
 .note.GNU-stack
                0x0000000000000000        0x0 env/built-in.o
 .note.GNU-stack
                0x0000000000000000        0x0 lib/built-in.o
 .note.GNU-stack
                0x0000000000000000        0x0 disk/built-in.o
 .note.GNU-stack
                0x0000000000000000        0x0 drivers/built-in.o
 .note.GNU-stack
                0x0000000000000000        0x0 arch/arm/lib/lib.a(div0.o)

.debug_line     0x0000000000000000     0xc8da
 .debug_line    0x0000000000000000       0x6a arch/arm/cpu/arm926ejs/start.o
 .debug_line    0x000000000000006a     0x13a9 arch/arm/mach-sunxi/built-in.o
 .debug_line    0x0000000000001413      0x5f5 arch/arm/cpu/arm926ejs/built-in.o
 .debug_line    0x0000000000001a08     0x1307 arch/arm/lib/built-in.o
 .debug_line    0x0000000000002d0f      0x49f board/sunxi/built-in.o
 .debug_line    0x00000000000031ae      0x6e2 common/spl/built-in.o
 .debug_line    0x0000000000003890      0x1b5 common/init/built-in.o
 .debug_line    0x0000000000003a45     0x26fa common/built-in.o
 .debug_line    0x000000000000613f      0x497 env/built-in.o
 .debug_line    0x00000000000065d6     0x286f lib/built-in.o
 .debug_line    0x0000000000008e45     0x1505 disk/built-in.o
 .debug_line    0x000000000000a34a     0x2358 drivers/built-in.o
 .debug_line    0x000000000000c6a2       0x4c arch/arm/lib/lib.a(ashldi3.o)
 .debug_line    0x000000000000c6ee      0x153 arch/arm/lib/lib.a(lib1funcs.o)
 .debug_line    0x000000000000c841       0x53 arch/arm/lib/lib.a(muldi3.o)
 .debug_line    0x000000000000c894       0x46 arch/arm/lib/lib.a(div0.o)

.debug_info     0x0000000000000000    0x53ef7
 .debug_info    0x0000000000000000       0x88 arch/arm/cpu/arm926ejs/start.o
 .debug_info    0x0000000000000088     0x9305 arch/arm/mach-sunxi/built-in.o
 .debug_info    0x000000000000938d     0x2629 arch/arm/cpu/arm926ejs/built-in.o
 .debug_info    0x000000000000b9b6     0x7ed0 arch/arm/lib/built-in.o
 .debug_info    0x0000000000013886     0x239a board/sunxi/built-in.o
 .debug_info    0x0000000000015c20     0x4353 common/spl/built-in.o
 .debug_info    0x0000000000019f73      0xe31 common/init/built-in.o
 .debug_info    0x000000000001ada4     0xf308 common/built-in.o
 .debug_info    0x000000000002a0ac     0x26ad env/built-in.o
 .debug_info    0x000000000002c759     0xe0ff lib/built-in.o
 .debug_info    0x000000000003a858     0x8e42 disk/built-in.o
 .debug_info    0x000000000004369a    0x10689 drivers/built-in.o
 .debug_info    0x0000000000053d23       0x80 arch/arm/lib/lib.a(ashldi3.o)
 .debug_info    0x0000000000053da3       0x7e arch/arm/lib/lib.a(lib1funcs.o)
 .debug_info    0x0000000000053e21       0x7f arch/arm/lib/lib.a(muldi3.o)
 .debug_info    0x0000000000053ea0       0x57 arch/arm/lib/lib.a(div0.o)

.debug_abbrev   0x0000000000000000     0xd810
 .debug_abbrev  0x0000000000000000       0x14 arch/arm/cpu/arm926ejs/start.o
 .debug_abbrev  0x0000000000000014     0x1824 arch/arm/mach-sunxi/built-in.o
 .debug_abbrev  0x0000000000001838      0x807 arch/arm/cpu/arm926ejs/built-in.o
 .debug_abbrev  0x000000000000203f     0x16a9 arch/arm/lib/built-in.o
 .debug_abbrev  0x00000000000036e8      0x4c5 board/sunxi/built-in.o
 .debug_abbrev  0x0000000000003bad      0xa75 common/spl/built-in.o
 .debug_abbrev  0x0000000000004622      0x2a8 common/init/built-in.o
 .debug_abbrev  0x00000000000048ca     0x24a1 common/built-in.o
 .debug_abbrev  0x0000000000006d6b      0x635 env/built-in.o
 .debug_abbrev  0x00000000000073a0     0x2e00 lib/built-in.o
 .debug_abbrev  0x000000000000a1a0     0x13cf disk/built-in.o
 .debug_abbrev  0x000000000000b56f     0x220c drivers/built-in.o
 .debug_abbrev  0x000000000000d77b       0x14 arch/arm/lib/lib.a(ashldi3.o)
 .debug_abbrev  0x000000000000d78f       0x12 arch/arm/lib/lib.a(lib1funcs.o)
 .debug_abbrev  0x000000000000d7a1       0x14 arch/arm/lib/lib.a(muldi3.o)
 .debug_abbrev  0x000000000000d7b5       0x5b arch/arm/lib/lib.a(div0.o)

.debug_aranges  0x0000000000000000     0x18b8
 .debug_aranges
                0x0000000000000000       0x20 arch/arm/cpu/arm926ejs/start.o
 .debug_aranges
                0x0000000000000020      0x230 arch/arm/mach-sunxi/built-in.o
 .debug_aranges
                0x0000000000000250       0xf0 arch/arm/cpu/arm926ejs/built-in.o
 .debug_aranges
                0x0000000000000340      0x2b8 arch/arm/lib/built-in.o
 .debug_aranges
                0x00000000000005f8       0x68 board/sunxi/built-in.o
 .debug_aranges
                0x0000000000000660       0xa8 common/spl/built-in.o
 .debug_aranges
                0x0000000000000708       0x30 common/init/built-in.o
 .debug_aranges
                0x0000000000000738      0x480 common/built-in.o
 .debug_aranges
                0x0000000000000bb8       0x90 env/built-in.o
 .debug_aranges
                0x0000000000000c48      0x538 lib/built-in.o
 .debug_aranges
                0x0000000000001180      0x1a8 disk/built-in.o
 .debug_aranges
                0x0000000000001328      0x4c8 drivers/built-in.o
 .debug_aranges
                0x00000000000017f0       0x20 arch/arm/lib/lib.a(ashldi3.o)
 .debug_aranges
                0x0000000000001810       0x68 arch/arm/lib/lib.a(lib1funcs.o)
 .debug_aranges
                0x0000000000001878       0x20 arch/arm/lib/lib.a(muldi3.o)
 .debug_aranges
                0x0000000000001898       0x20 arch/arm/lib/lib.a(div0.o)

.debug_frame    0x0000000000000000     0x3da8
 .debug_frame   0x0000000000000000      0x540 arch/arm/mach-sunxi/built-in.o
 .debug_frame   0x0000000000000540      0x164 arch/arm/cpu/arm926ejs/built-in.o
 .debug_frame   0x00000000000006a4      0x3ec arch/arm/lib/built-in.o
 .debug_frame   0x0000000000000a90      0x134 board/sunxi/built-in.o
 .debug_frame   0x0000000000000bc4      0x1ac common/spl/built-in.o
 .debug_frame   0x0000000000000d70       0x50 common/init/built-in.o
 .debug_frame   0x0000000000000dc0      0xd18 common/built-in.o
 .debug_frame   0x0000000000001ad8      0x17c env/built-in.o
 .debug_frame   0x0000000000001c54      0xd1c lib/built-in.o
 .debug_frame   0x0000000000002970      0x5d8 disk/built-in.o
 .debug_frame   0x0000000000002f48      0xe38 drivers/built-in.o
 .debug_frame   0x0000000000003d80       0x28 arch/arm/lib/lib.a(div0.o)

.debug_str      0x0000000000000000     0x7fc2
 .debug_str     0x0000000000000000     0x219b arch/arm/mach-sunxi/built-in.o
                                       0x7bbf (size before relaxing)
 .debug_str     0x000000000000219b      0x312 arch/arm/cpu/arm926ejs/built-in.o
                                       0x223f (size before relaxing)
 .debug_str     0x00000000000024ad      0x56f arch/arm/lib/built-in.o
                                       0x7694 (size before relaxing)
 .debug_str     0x0000000000002a1c      0x708 board/sunxi/built-in.o
                                       0x1b38 (size before relaxing)
 .debug_str     0x0000000000003124     0x122f common/spl/built-in.o
                                       0x3c82 (size before relaxing)
 .debug_str     0x0000000000004353       0x55 common/init/built-in.o
                                        0xf19 (size before relaxing)
 .debug_str     0x00000000000043a8     0x15af common/built-in.o
                                       0xb7b4 (size before relaxing)
 .debug_str     0x0000000000005957      0x209 env/built-in.o
                                       0x21a7 (size before relaxing)
 .debug_str     0x0000000000005b60      0x8fe lib/built-in.o
                                       0xaf4f (size before relaxing)
 .debug_str     0x000000000000645e      0xc93 disk/built-in.o
                                       0x529a (size before relaxing)
 .debug_str     0x00000000000070f1      0xeb6 drivers/built-in.o
                                       0xa9c1 (size before relaxing)
 .debug_str     0x0000000000007fa7       0x1b arch/arm/lib/lib.a(div0.o)
                                        0x1dd (size before relaxing)

.debug_loc      0x0000000000000000    0x16acd
 .debug_loc     0x0000000000000000     0x1cd9 arch/arm/mach-sunxi/built-in.o
 .debug_loc     0x0000000000001cd9      0x157 arch/arm/cpu/arm926ejs/built-in.o
 .debug_loc     0x0000000000001e30      0x88b arch/arm/lib/built-in.o
 .debug_loc     0x00000000000026bb      0x2b5 board/sunxi/built-in.o
 .debug_loc     0x0000000000002970      0x857 common/spl/built-in.o
 .debug_loc     0x00000000000031c7       0xf9 common/init/built-in.o
 .debug_loc     0x00000000000032c0     0x5912 common/built-in.o
 .debug_loc     0x0000000000008bd2      0x3eb env/built-in.o
 .debug_loc     0x0000000000008fbd     0x5a02 lib/built-in.o
 .debug_loc     0x000000000000e9bf     0x3a07 disk/built-in.o
 .debug_loc     0x00000000000123c6     0x4707 drivers/built-in.o

.debug_ranges   0x0000000000000000     0x30e8
 .debug_ranges  0x0000000000000000      0x458 arch/arm/mach-sunxi/built-in.o
 .debug_ranges  0x0000000000000458      0x138 arch/arm/cpu/arm926ejs/built-in.o
 .debug_ranges  0x0000000000000590      0x248 arch/arm/lib/built-in.o
 .debug_ranges  0x00000000000007d8       0xb0 board/sunxi/built-in.o
 .debug_ranges  0x0000000000000888      0x1d0 common/spl/built-in.o
 .debug_ranges  0x0000000000000a58       0x38 common/init/built-in.o
 .debug_ranges  0x0000000000000a90      0x958 common/built-in.o
 .debug_ranges  0x00000000000013e8       0x88 env/built-in.o
 .debug_ranges  0x0000000000001470      0x9f8 lib/built-in.o
 .debug_ranges  0x0000000000001e68      0x690 disk/built-in.o
 .debug_ranges  0x00000000000024f8      0xb80 drivers/built-in.o
 .debug_ranges  0x0000000000003078       0x60 arch/arm/lib/lib.a(lib1funcs.o)
 .debug_ranges  0x00000000000030d8       0x10 arch/arm/lib/lib.a(div0.o)
