log.h:298:19:log_init	0	static
board_r.c:90:12:initr_trace	0	static
board_r.c:99:12:initr_reloc	4	static
board_r.c:655:12:run_main_loop	8	static
board_r.c:574:12:initr_net	8	static
board_r.c:509:12:initr_ethaddr	8	static
board_r.c:501:12:initr_enable_interrupts	8	static
board_r.c:484:12:initr_jumptable	8	static
board_r.c:455:12:initr_env	16	static
board_r.c:425:12:initr_mmc	8	static
board_r.c:172:12:initr_serial	8	static
board_r.c:286:12:initr_dm	16	static
board_r.c:311:12:initr_bootstage	8	static
board_r.c:238:12:initr_malloc	8	static
board_r.c:125:12:initr_reloc_global_data	8	static
board_r.c:112:12:initr_caches	8	static
bootstage.h:368:19:bootstage_relocate	0	static
board_r.c:229:12:initr_barrier	0	static
board_r.c:253:12:initr_console_record	0	static
board_r.c:318:12:power_init_board	0	static
board_r.c:323:12:initr_announce	0	static
board_r.c:62:12:board_flash_wp_on	0	static
board_r.c:72:13:cpu_secondary_init_r	0	static
board_r.c:76:12:initr_secondary_cpu	8	static
board_r.c:120:12:fixup_cpu	0	static
board_r.c:869:6:board_init_r	8	static
