log.h:298:19:log_init	0	static
board_f.c:124:12:display_text_info	0	static
board_f.c:213:12:setup_mon_len	4	static
board_f.c:230:12:arch_cpu_init	0	static
board_f.c:313:12:reserve_round_4k	8	static
board_f.c:320:12:reserve_mmu	4	static
board_f.c:390:12:reserve_uboot	4	static
board_f.c:412:12:reserve_malloc	4	static
board_f.c:441:12:reserve_global_data	8	static
board_f.c:450:12:reserve_fdt	12	static
board_f.c:179:12:dram_init_banksize	16	static
board_f.c:609:12:setup_reloc	8	static
board_f.c:577:12:reloc_fdt	8	static
board_f.c:421:12:reserve_board	8	static
board_f.c:145:12:announce_dram_init	8	static
board_f.c:118:12:init_baud_rate	16	static
board_f.c:714:12:initf_dm	8	static
board_f.c:680:12:initf_bootstage	8	static
board_f.c:740:12:arch_cpu_init_dm	0	static
board_f.c:235:12:mach_cpu_init	0	static
board_f.c:347:12:reserve_video	0	static
board_f.c:378:12:reserve_trace	0	static
board_f.c:433:12:setup_machine	0	static
board_f.c:471:12:reserve_bootstage	0	static
board_f.c:503:12:display_new_sp	0	static
board_f.c:591:12:reloc_bootstage	0	static
board_f.c:705:12:initf_console_record	0	static
board_f.c:735:12:reserve_arch	0	static
board_f.c:68:13:coloured_LED_init	0	static
board_f.c:69:13:red_led_on	0	static
board_f.c:70:13:red_led_off	0	static
board_f.c:71:13:green_led_on	0	static
board_f.c:72:13:green_led_off	0	static
board_f.c:73:13:yellow_led_on	0	static
board_f.c:74:13:yellow_led_off	0	static
board_f.c:75:13:blue_led_on	0	static
board_f.c:76:13:blue_led_off	0	static
board_f.c:113:13:board_add_ram_info	0	static
board_f.c:151:12:show_dram_config	16	static
board_f.c:241:14:board_get_usable_ram_top	8	static
board_f.c:258:12:setup_dest_addr	16	static
board_f.c:485:5:arch_reserve_stacks	0	static
board_f.c:490:12:reserve_stacks	8	static
board_f.c:886:6:board_init_f	8	static
