cli_hush.c:894:13:b_reset	0	static
cli_hush.c:933:12:static_get	0	static
cli_hush.c:940:12:static_peek	0	static
cli_hush.c:3151:13:mapset	0	static
cli_hush.c:379:13:syntax_err	8	static
cli_hush.c:2002:12:free_pipe_list	32	static
cli_hush.c:3334:14:xmalloc	8	static
cli_hush.c:2343:21:new_pipe	8	static
cli_hush.c:3345:14:xrealloc	8	static
cli_hush.c:2542:12:done_command	24	static
cli_hush.c:2591:12:done_pipe	16	static
cli_hush.c:2451:12:done_word	32	static
cli_hush.c:2281:12:is_assignment	8	static
cli_hush.c:1092:12:file_get	24	static
cli_hush.c:3668:12:do_showvar	40	static
cli_hush.c:884:12:b_addchr	24	static
cli_hush.c:912:12:b_addqchr	16	static
cli_hush.c:1135:12:file_peek	0	static
cli_hush.c:2138:7:get_local_var	16	static
cli_hush.c:2160:5:set_local_var	32	static
cli_hush.c:3524:14:insert_var_value_sub	48	static
cli_hush.c:2251:6:unset_local_var	24	static
cli_hush.c:3259:5:parse_string_outer	48	static
cli_hush.c:1762:12:run_list_real	88	static
cli_hush.c:3185:12:parse_stream_outer	104	static
cli_hush.c:3290:5:parse_file_outer	32	static
cli_hush.c:3318:5:u_boot_hush_start	16	static
