fdt_support.c:1006:12:of_bus_default_map	48	static
fdt_support.c:1533:12:fdt_read_prop	16	static
fdt_support.c:1023:12:of_bus_default_translate	40	static
fdt_support.c:989:6:fdt_support_default_count_cells	24	static
fdt_support.c:33:5:fdt_getprop_u32_default_node	16	static
fdt_support.c:63:5:fdt_getprop_u32_default	24	static
fdt_support.c:87:5:fdt_find_and_setprop	32	static
fdt_support.c:111:5:fdt_find_or_add_subnode	24	static
fdt_support.c:189:5:fdt_root	24	static
fdt_support.c:215:5:fdt_initrd	64	static
fdt_support.c:275:5:fdt_chosen	32	static
fdt_support.c:306:6:do_fixup_by_path	24	static
fdt_support.c:322:6:do_fixup_by_path_u32	32	static
fdt_support.c:329:6:do_fixup_by_prop	40	static
fdt_support.c:350:6:do_fixup_by_prop_u32	48	static
fdt_support.c:358:6:do_fixup_by_compat	40	static
fdt_support.c:377:6:do_fixup_by_compat_u32	32	static
fdt_support.c:413:5:fdt_record_loadable	48	static
fdt_support.c:457:5:fdt_fixup_memory_banks	88	static
fdt_support.c:504:5:fdt_fixup_memory	16	static
fdt_support.c:509:6:fdt_fixup_ethernet	72	static
fdt_support.c:588:5:fdt_shrink_to_minimum	48	static
fdt_support.c:701:5:fdt_increase_size	16	static
fdt_support.c:915:6:fdt_del_node_and_alias	16	static
fdt_support.c:1267:5:fdt_translate_address	96	static
fdt_support.c:1282:5:fdt_node_offset_by_compat_reg	32	static
fdt_support.c:1303:5:fdt_alloc_phandle	16	static
fdt_support.c:1323:5:fdt_set_phandle	40	static
fdt_support.c:1362:14:fdt_create_phandle	16	static
fdt_support.c:1392:5:fdt_set_node_status	48	static
fdt_support.c:1433:5:fdt_set_status_by_alias	16	static
fdt_support.c:1479:5:fdt_verify_alias_address	56	static
fdt_support.c:1520:5:fdt_get_base_address	24	static
fdt_support.c:1569:5:fdt_read_range	64	static
fdt_support.c:1637:5:fdt_setup_simplefb_node	104	static
fdt_support.c:1690:5:fdt_fixup_display	48	static
fdt_support.c:1725:5:fdt_overlay_apply_verbose	16	static
