image.c:443:12:on_loadaddr	16	static
image.c:193:5:image_check_hcrc	80	static
image.c:208:5:image_check_dcrc	24	static
image.c:230:7:image_multi_count	0	static
image.c:263:6:image_multi_getimg	40	static
image.c:459:7:env_get_bootm_low	8	static
image.c:476:13:env_get_bootm_size	24	static
image.c:503:13:env_get_bootm_mapsize	8	static
image.c:519:6:memmove_wd	8	static
image.c:549:6:genimg_print_size	16	static
image.c:577:22:get_table_entry	0	static
image.c:698:20:genimg_get_short_name	8	static
image.c:608:13:genimg_get_cat_name	24	static
image.c:632:13:genimg_get_cat_short_name	24	static
image.c:646:5:genimg_get_cat_count	0	static
image.c:651:13:genimg_get_cat_desc	0	static
image.c:670:7:get_table_entry_name	16	static
image.c:682:13:genimg_get_os_name	8	static
image.c:687:13:genimg_get_arch_name	8	static
image.c:693:13:genimg_get_type_name	8	static
image.c:710:13:genimg_get_type_short_name	8	static
image.c:715:13:genimg_get_comp_name	8	static
image.c:323:6:image_print_contents	48	static
image.c:721:13:genimg_get_comp_short_name	8	static
image.c:726:13:genimg_get_os_short_name	8	static
image.c:731:13:genimg_get_arch_short_name	8	static
image.c:750:5:get_table_entry_id	16	static
image.c:768:5:genimg_get_os_id	8	static
image.c:773:5:genimg_get_arch_id	8	static
image.c:778:5:genimg_get_type_id	8	static
image.c:783:5:genimg_get_comp_id	8	static
image.c:804:7:genimg_get_kernel_addr_fit	8	static
image.c:838:7:genimg_get_kernel_addr	16	static
image.c:861:5:genimg_get_format	16	static
image.c:893:5:genimg_has_config	0	static
image.c:924:5:boot_get_ramdisk	40	static
image.c:1133:5:boot_ramdisk_high	32	static
image.c:1208:5:boot_get_setup	0	static
image.c:1480:5:image_setup_linux	24	static
