miiphyutil.c:39:17:miiphy_get_dev_by_name	24	static
miiphyutil.c:62:6:miiphy_init	0	static
miiphyutil.c:68:17:mdio_alloc	16	static
miiphyutil.c:84:6:mdio_free	8	static
miiphyutil.c:89:5:mdio_register	16	static
miiphyutil.c:110:5:mdio_register_seq	16	static
miiphyutil.c:122:5:mdio_unregister	0	static
miiphyutil.c:136:6:mdio_list_devices	24	static
miiphyutil.c:161:5:miiphy_set_current_dev	16	static
miiphyutil.c:211:24:miiphy_get_active_dev	16	static
miiphyutil.c:176:17:mdio_get_current_dev	0	static
miiphyutil.c:181:20:mdio_phydev_for_ethname	24	static
miiphyutil.c:203:13:miiphy_get_current_dev	0	static
miiphyutil.c:235:5:miiphy_read	24	static
miiphyutil.c:263:5:miiphy_write	32	static
miiphyutil.c:279:6:miiphy_listdev	16	static
miiphyutil.c:308:5:miiphy_info	40	static
miiphyutil.c:350:5:miiphy_reset	40	static
miiphyutil.c:393:5:miiphy_speed	32	static
miiphyutil.c:451:5:miiphy_duplex	32	static
miiphyutil.c:516:5:miiphy_is_1000base_x	0	static
