usb_hub.c:109:12:usb_set_port_feature	40	static
usb_hub.c:102:12:usb_clear_port_feature	40	static
usb_hub.c:90:12:usb_get_hub_descriptor	40	static
usb_hub.c:60:13:usb_hub_reset_devices	0	static
usb_hub.c:71:6:usb_hub_is_root_hub	8	static
usb_hub.c:123:5:usb_get_port_status	48	static
usb_hub.c:345:5:usb_hub_port_connect_change	160	static
usb_hub.c:620:12:usb_hub_configure	688	static
usb_hub.c:925:5:usb_hub_probe	8	static
usb_hub.c:937:5:usb_hub_scan	8	static
usb_hub.c:944:12:usb_hub_post_probe	8	static
