gpio-uclass.c:497:12:get_function	24	static
gpio-uclass.c:30:12:gpio_to_device	24	static
gpio-uclass.c:274:12:check_reserved	24	static
gpio-uclass.c:796:12:gpio_renumber	32	static
gpio-uclass.c:844:12:gpio_pre_remove	24	static
gpio-uclass.c:833:12:gpio_post_probe	16	static
gpio-uclass.c:53:5:dm_gpio_lookup_name	40	static
gpio-uclass.c:92:5:gpio_lookup_name	48	static
gpio-uclass.c:117:5:gpio_xlate_offs_flags	0	static
gpio-uclass.c:145:5:dm_gpio_request	32	static
gpio-uclass.c:170:12:dm_gpio_requestf	60	static
gpio-uclass.c:197:5:gpio_request	32	static
gpio-uclass.c:219:5:gpio_requestf	60	static
gpio-uclass.c:234:5:_dm_gpio_free	24	static
gpio-uclass.c:262:5:gpio_free	24	static
gpio-uclass.c:301:5:gpio_direction_input	24	static
gpio-uclass.c:325:5:gpio_direction_output	32	static
gpio-uclass.c:341:5:dm_gpio_get_value	16	static
gpio-uclass.c:355:5:dm_gpio_set_value	24	static
gpio-uclass.c:369:5:dm_gpio_get_open_drain	16	static
gpio-uclass.c:384:5:dm_gpio_set_open_drain	24	static
gpio-uclass.c:401:5:dm_gpio_set_dir_flags	32	static
gpio-uclass.c:644:12:gpio_request_tail	40	static
gpio-uclass.c:431:5:dm_gpio_set_dir	8	static
gpio-uclass.c:445:5:gpio_get_value	24	static
gpio-uclass.c:466:5:gpio_set_value	32	static
gpio-uclass.c:477:13:gpio_get_bank_info	16	static
gpio-uclass.c:526:5:gpio_get_function	8	static
gpio-uclass.c:531:5:gpio_get_raw_function	8	static
gpio-uclass.c:536:5:gpio_get_status	64	static
gpio-uclass.c:575:5:gpio_claim_vector	32	static
gpio-uclass.c:606:5:gpio_get_values_as_int	24	static
gpio-uclass.c:626:5:dm_gpio_get_values_as_int	32	static
gpio-uclass.c:700:5:gpio_request_by_name_nodev	120	static
gpio-uclass.c:707:5:gpio_request_by_name	120	static
gpio-uclass.c:758:5:gpio_get_list_count	32	static
gpio-uclass.c:773:5:dm_gpio_free	8	static
gpio-uclass.c:779:5:gpio_free_list	32	static
gpio-uclass.c:790:5:gpio_free_list_nodev	8	static
gpio-uclass.c:720:5:gpio_request_list_by_name_nodev	120	static
gpio-uclass.c:745:5:gpio_request_list_by_name	24	static
gpio-uclass.c:821:5:gpio_get_number	0	static
