Archive member included to satisfy reference by file (symbol)

arch/arm/lib/lib.a(ashldi3.o)
                              drivers/built-in.o (__aeabi_llsl)
arch/arm/lib/lib.a(lib1funcs.o)
                              arch/arm/cpu/arm926ejs/built-in.o (__aeabi_uidiv)
arch/arm/lib/lib.a(lshrdi3.o)
                              fs/built-in.o (__aeabi_llsr)
arch/arm/lib/lib.a(muldi3.o)  common/built-in.o (__aeabi_lmul)
arch/arm/lib/lib.a(div0.o)    arch/arm/lib/lib.a(lib1funcs.o) (__div0)

Discarded input sections

 .data          0x0000000000000000        0x0 arch/arm/cpu/arm926ejs/start.o
 .bss           0x0000000000000000        0x0 arch/arm/cpu/arm926ejs/start.o
 .text          0x0000000000000000        0x0 arch/arm/cpu/arm926ejs/built-in.o
 .text.invalidate_dcache_all
                0x0000000000000000        0xc arch/arm/cpu/arm926ejs/built-in.o
 .text.invalidate_dcache_range
                0x0000000000000000       0x2c arch/arm/cpu/arm926ejs/built-in.o
 .text.invalidate_l2_cache
                0x0000000000000000        0x4 arch/arm/cpu/arm926ejs/built-in.o
 .text.s_init   0x0000000000000000        0x4 arch/arm/cpu/arm926ejs/built-in.o
 .data          0x0000000000000000        0x0 arch/arm/cpu/arm926ejs/built-in.o
 .bss           0x0000000000000000        0x0 arch/arm/cpu/arm926ejs/built-in.o
 .text.armv7_boot_nonsec_default
                0x0000000000000000        0x4 arch/arm/lib/built-in.o
 .text.enable_caches
                0x0000000000000000        0xc arch/arm/lib/built-in.o
 .text.invalidate_dcache_range
                0x0000000000000000        0x4 arch/arm/lib/built-in.o
 .text.flush_dcache_range
                0x0000000000000000        0x4 arch/arm/lib/built-in.o
 .text.flush_dcache_all
                0x0000000000000000        0xc arch/arm/lib/built-in.o
 .text.invalidate_l2_cache
                0x0000000000000000        0xc arch/arm/lib/built-in.o
 .text.mmu_page_table_flush
                0x0000000000000000        0x4 arch/arm/lib/built-in.o
 .text.mmu_set_region_dcache_behaviour
                0x0000000000000000       0x58 arch/arm/lib/built-in.o
 .text.icache_enable
                0x0000000000000000       0x10 arch/arm/lib/built-in.o
 .text.icache_status
                0x0000000000000000       0x10 arch/arm/lib/built-in.o
 .text.fdt_psci
                0x0000000000000000        0x4 arch/arm/lib/built-in.o
 .rodata.enable_caches.str1.1
                0x0000000000000000       0x1d arch/arm/lib/built-in.o
 .data          0x0000000000000000        0x0 arch/arm/lib/built-in.o
 .__secure_end  0x0000000000000000        0x0 arch/arm/lib/built-in.o
 .__secure_stack_end
                0x0000000000000000        0x0 arch/arm/lib/built-in.o
 .__secure_stack_start
                0x0000000000000000        0x0 arch/arm/lib/built-in.o
 .__secure_start
                0x0000000000000000        0x0 arch/arm/lib/built-in.o
 .bss           0x0000000000000000        0x0 arch/arm/lib/built-in.o
 .text          0x0000000000000000        0x0 arch/arm/mach-sunxi/built-in.o
 .text.gtbus_init
                0x0000000000000000        0x2 arch/arm/mach-sunxi/built-in.o
 .text.mctl_await_completion
                0x0000000000000000       0x30 arch/arm/mach-sunxi/built-in.o
 .text.sunxi_gpio_get_cfgpin
                0x0000000000000000       0x28 arch/arm/mach-sunxi/built-in.o
 .text.usb_phy_write.isra.0
                0x0000000000000000       0x64 arch/arm/mach-sunxi/built-in.o
 .text.sunxi_usb_phy_enable_squelch_detect
                0x0000000000000000       0x24 arch/arm/mach-sunxi/built-in.o
 .text.sunxi_usb_phy_init
                0x0000000000000000       0x70 arch/arm/mach-sunxi/built-in.o
 .text.sunxi_usb_phy_exit
                0x0000000000000000       0x40 arch/arm/mach-sunxi/built-in.o
 .text.sunxi_usb_phy_power_on
                0x0000000000000000       0x4c arch/arm/mach-sunxi/built-in.o
 .text.sunxi_usb_phy_power_off
                0x0000000000000000       0x28 arch/arm/mach-sunxi/built-in.o
 .text.sunxi_usb_phy_vbus_detect
                0x0000000000000000       0x48 arch/arm/mach-sunxi/built-in.o
 .text.sunxi_usb_phy_id_detect
                0x0000000000000000       0x20 arch/arm/mach-sunxi/built-in.o
 .text.sunxi_usb_phy_remove
                0x0000000000000000       0x3c arch/arm/mach-sunxi/built-in.o
 .text.clock_set_pll3
                0x0000000000000000       0x38 arch/arm/mach-sunxi/built-in.o
 .text.clock_set_pll5
                0x0000000000000000       0x9c arch/arm/mach-sunxi/built-in.o
 .text.clock_get_pll3
                0x0000000000000000       0x30 arch/arm/mach-sunxi/built-in.o
 .text.clock_get_mipi_pll
                0x0000000000000000       0x44 arch/arm/mach-sunxi/built-in.o
 .text.clock_set_de_mod_clock
                0x0000000000000000       0x2e arch/arm/mach-sunxi/built-in.o
 .rodata.mctl_await_completion.str1.1
                0x0000000000000000       0x1b arch/arm/mach-sunxi/built-in.o
[...]
Memory Configuration

Name             Origin             Length             Attributes
*default*        0x0000000000000000 0xffffffffffffffff

Linker script and memory map

Address of section .text set to 0x81700000
                0x0000000000000000                . = 0x0
                0x0000000000000000                . = ALIGN (0x4)

.text           0x0000000081700000    0x2bd68
 *(.__image_copy_start)
 .__image_copy_start
                0x0000000081700000        0x0 arch/arm/lib/built-in.o
                0x0000000081700000                __image_copy_start
 *(.vectors)
 .vectors       0x0000000081700000      0x2e8 arch/arm/lib/built-in.o
                0x0000000081700000                _start
                0x0000000081700020                _undefined_instruction
                0x0000000081700024                _software_interrupt
                0x0000000081700028                _prefetch_abort
                0x000000008170002c                _data_abort
                0x0000000081700030                _not_used
                0x0000000081700034                _irq
                0x0000000081700038                _fiq
                0x0000000081700040                IRQ_STACK_START_IN
 arch/arm/cpu/arm926ejs/start.o(.text*)
 .text          0x00000000817002e8       0x64 arch/arm/cpu/arm926ejs/start.o
                0x00000000817002e8                reset
                0x00000000817002ec                save_boot_params_ret
                0x0000000081700304                c_runtime_cpu_setup
                0x0000000081700348                save_boot_params
 *(.text*)
 .text.cleanup_before_linux
                0x000000008170034c       0x20 arch/arm/cpu/arm926ejs/built-in.o
                0x000000008170034c                cleanup_before_linux
 .text.flush_dcache_all
                0x000000008170036c       0x14 arch/arm/cpu/arm926ejs/built-in.o
                0x000000008170036c                flush_dcache_all
 .text.flush_dcache_range
                0x0000000081700380       0x38 arch/arm/cpu/arm926ejs/built-in.o
                0x0000000081700380                flush_dcache_range
 .text.l2_cache_disable
                0x00000000817003b8        0x4 arch/arm/cpu/arm926ejs/built-in.o
                0x00000000817003b8                l2_cache_disable
 .text.timer_init
                0x00000000817003bc       0x20 arch/arm/cpu/arm926ejs/built-in.o
                0x00000000817003bc                timer_init
 .text.get_timer_masked
                0x00000000817003dc       0x50 arch/arm/cpu/arm926ejs/built-in.o
                0x00000000817003dc                get_timer_masked
 .text.get_timer
                0x000000008170042c       0x14 arch/arm/cpu/arm926ejs/built-in.o
                0x000000008170042c                get_timer
 .text.__udelay
                0x0000000081700440       0x38 arch/arm/cpu/arm926ejs/built-in.o
                0x0000000081700440                __udelay
 .text.get_ticks
                0x0000000081700478       0x10 arch/arm/cpu/arm926ejs/built-in.o
                0x0000000081700478                get_ticks
 .text.get_tbclk
                0x0000000081700488        0x6 arch/arm/cpu/arm926ejs/built-in.o
                0x0000000081700488                get_tbclk
 *fill*         0x000000008170048e        0x2 
 .text.lowlevel_init
                0x0000000081700490       0x24 arch/arm/cpu/arm926ejs/built-in.o
                0x0000000081700490                lowlevel_init
 *fill*         0x00000000817004b4        0xc 
 .text          0x00000000817004c0      0x480 arch/arm/lib/built-in.o
                0x00000000817004c0                _main
                0x0000000081700560                memset
                0x0000000081700608                memcpy
 .text.setjmp   0x0000000081700940       0x10 arch/arm/lib/built-in.o
                0x0000000081700940                setjmp
 .text.longjmp  0x0000000081700950       0x1c arch/arm/lib/built-in.o
                0x0000000081700950                longjmp
 .text.relocate_vectors
                0x000000008170096c       0x90 arch/arm/lib/built-in.o
                0x000000008170096c                relocate_vectors
                0x0000000081700994                relocate_code
 .text.arch_fixup_fdt
                0x00000000817009fc       0x28 arch/arm/lib/built-in.o
                0x00000000817009fc                arch_fixup_fdt
 .text.arch_lmb_reserve
                0x0000000081700a24       0x28 arch/arm/lib/built-in.o
                0x0000000081700a24                arch_lmb_reserve
 .text.board_quiesce_devices
                0x0000000081700a4c        0x2 arch/arm/lib/built-in.o
                0x0000000081700a4c                board_quiesce_devices
 *fill*         0x0000000081700a4e        0x2 
 .text.boot_jump_linux
                0x0000000081700a50       0x9c arch/arm/lib/built-in.o
 .text.setup_board_tags
                0x0000000081700aec        0x2 arch/arm/lib/built-in.o
                0x0000000081700aec                setup_board_tags
 *fill*         0x0000000081700aee        0x2 
 .text.boot_prep_linux
                0x0000000081700af0      0x12c arch/arm/lib/built-in.o
 .text.do_bootm_linux
                0x0000000081700c1c       0x48 arch/arm/lib/built-in.o
                0x0000000081700c1c                do_bootm_linux
 .text.boot_prep_vxworks
                0x0000000081700c64       0x3c arch/arm/lib/built-in.o
                0x0000000081700c64                boot_prep_vxworks
 .text.boot_jump_vxworks
                0x0000000081700ca0       0x10 arch/arm/lib/built-in.o
                0x0000000081700ca0                boot_jump_vxworks
 .text.bootz_setup
                0x0000000081700cb0       0x7c arch/arm/lib/built-in.o
                0x0000000081700cb0                bootz_setup
 .text.arch_reserve_stacks
                0x0000000081700d2c       0x1a arch/arm/lib/built-in.o
                0x0000000081700d2c                arch_reserve_stacks
 *fill*         0x0000000081700d46        0x2 
 .text.interrupt_init
                0x0000000081700d48       0x1c arch/arm/lib/built-in.o
                0x0000000081700d48                interrupt_init
 .text.enable_interrupts
                0x0000000081700d64        0x2 arch/arm/lib/built-in.o
                0x0000000081700d64                enable_interrupts
 .text.disable_interrupts
                0x0000000081700d66        0x4 arch/arm/lib/built-in.o
                0x0000000081700d66                disable_interrupts
 *fill*         0x0000000081700d6a        0x2 
 .text.bad_mode
                0x0000000081700d6c       0x10 arch/arm/lib/built-in.o
                0x0000000081700d6c                bad_mode
 .text.show_regs
                0x0000000081700d7c       0xfc arch/arm/lib/built-in.o
                0x0000000081700d7c                show_regs
 .text.do_undefined_instruction
                0x0000000081700e78       0x28 arch/arm/lib/built-in.o
                0x0000000081700e78                do_undefined_instruction
 .text.do_software_interrupt
                0x0000000081700ea0       0x28 arch/arm/lib/built-in.o
                0x0000000081700ea0                do_software_interrupt
 .text.do_prefetch_abort
                0x0000000081700ec8       0x28 arch/arm/lib/built-in.o
                0x0000000081700ec8                do_prefetch_abort
 .text.do_data_abort
                0x0000000081700ef0       0x28 arch/arm/lib/built-in.o
                0x0000000081700ef0                do_data_abort
 .text.do_not_used
                0x0000000081700f18       0x28 arch/arm/lib/built-in.o
                0x0000000081700f18                do_not_used
 .text.do_fiq   0x0000000081700f40       0x28 arch/arm/lib/built-in.o
                0x0000000081700f40                do_fiq
 .text.do_irq   0x0000000081700f68       0x28 arch/arm/lib/built-in.o
                0x0000000081700f68                do_irq
 .text.reset_misc
                0x0000000081700f90        0x2 arch/arm/lib/built-in.o
                0x0000000081700f90                reset_misc
 *fill*         0x0000000081700f92        0x2 
 .text.do_reset
                0x0000000081700f94       0x28 arch/arm/lib/built-in.o
                0x0000000081700f94                do_reset
 .text.flush_cache
                0x0000000081700fbc        0x8 arch/arm/lib/built-in.o
                0x0000000081700fbc                flush_cache
 .text.check_cache_range
                0x0000000081700fc4       0x34 arch/arm/lib/built-in.o
                0x0000000081700fc4                check_cache_range
 .text.arm_init_before_mmu
                0x0000000081700ff8        0x4 arch/arm/lib/built-in.o
                0x0000000081700ff8                arm_init_before_mmu
 .text.arm_init_domains
                0x0000000081700ffc        0x4 arch/arm/lib/built-in.o
                0x0000000081700ffc                arm_init_domains
 .text.set_section_dcache
                0x0000000081701000       0x14 arch/arm/lib/built-in.o
                0x0000000081701000                set_section_dcache
 .text.dram_bank_mmu_setup
                0x0000000081701014       0x40 arch/arm/lib/built-in.o
                0x0000000081701014                dram_bank_mmu_setup
 .text.icache_disable
                0x0000000081701054       0x14 arch/arm/lib/built-in.o
                0x0000000081701054                icache_disable
 .text.dcache_enable
                0x0000000081701068       0x64 arch/arm/lib/built-in.o
                0x0000000081701068                dcache_enable
 .text.dcache_disable
                0x00000000817010cc       0x24 arch/arm/lib/built-in.o
                0x00000000817010cc                dcache_disable
 .text.dcache_status
                0x00000000817010f0       0x10 arch/arm/lib/built-in.o
                0x00000000817010f0                dcache_status
 .text.s_init   0x0000000081701100       0x2e arch/arm/mach-sunxi/built-in.o
                0x0000000081701100                s_init
 *fill*         0x000000008170112e        0x2 
 .text.sunxi_get_boot_device
                0x0000000081701130       0x4c arch/arm/mach-sunxi/built-in.o
                0x0000000081701130                sunxi_get_boot_device
 .text.reset_cpu
                0x000000008170117c       0x1c arch/arm/mach-sunxi/built-in.o
                0x000000008170117c                reset_cpu
 .text.enable_caches
                0x0000000081701198        0xe arch/arm/mach-sunxi/built-in.o
                0x0000000081701198                enable_caches
 .text.clock_init_sec
                0x00000000817011a6        0x4 arch/arm/mach-sunxi/built-in.o
                0x00000000817011a8                clock_init_sec
 .text.clock_init
                0x00000000817011aa        0xe arch/arm/mach-sunxi/built-in.o
                0x00000000817011aa                clock_init
 .text.print_cpuinfo
                0x00000000817011b8       0x10 arch/arm/mach-sunxi/built-in.o
                0x00000000817011b8                print_cpuinfo
 .text.sunxi_get_sid
                0x00000000817011c8       0x2c arch/arm/mach-sunxi/built-in.o
                0x00000000817011c8                sunxi_get_sid
 .text.sunxi_gpio_set_cfgbank
                0x00000000817011f4       0x20 arch/arm/mach-sunxi/built-in.o
                0x00000000817011f4                sunxi_gpio_set_cfgbank
 .text.sunxi_gpio_set_cfgpin
                0x0000000081701214       0x2c arch/arm/mach-sunxi/built-in.o
                0x0000000081701214                sunxi_gpio_set_cfgpin
 .text.sunxi_gpio_get_cfgbank
                0x0000000081701240       0x18 arch/arm/mach-sunxi/built-in.o
                0x0000000081701240                sunxi_gpio_get_cfgbank
 .text.sunxi_gpio_set_drv
                0x0000000081701258       0x40 arch/arm/mach-sunxi/built-in.o
                0x0000000081701258                sunxi_gpio_set_drv
 .text.sunxi_gpio_set_pull
                0x0000000081701298       0x40 arch/arm/mach-sunxi/built-in.o
                0x0000000081701298                sunxi_gpio_set_pull
 .text.sunxi_gpio_parse_pin_name
                0x00000000817012d8       0x2a arch/arm/mach-sunxi/built-in.o
                0x00000000817012d8                sunxi_gpio_parse_pin_name
 *fill*         0x0000000081701302        0x2 
 .text.sunxi_gpio_setup_dt_pins
                0x0000000081701304      0x114 arch/arm/mach-sunxi/built-in.o
                0x0000000081701304                sunxi_gpio_setup_dt_pins
 .text.sunxi_usb_phy_probe
                0x0000000081701418       0xa0 arch/arm/mach-sunxi/built-in.o
                0x0000000081701418                sunxi_usb_phy_probe
 .text.clock_init_uart
                0x00000000817014b8       0x44 arch/arm/mach-sunxi/built-in.o
                0x00000000817014b8                clock_init_uart
 .text.clock_get_pll6
                0x00000000817014fc       0x28 arch/arm/mach-sunxi/built-in.o
                0x00000000817014fc                clock_get_pll6
 .text.setup_environment
                0x0000000081701524       0xe0 board/sunxi/built-in.o
 .text.i2c_init_board
                0x0000000081701604        0x2 board/sunxi/built-in.o
                0x0000000081701604                i2c_init_board
 *fill*         0x0000000081701606        0x2 
 .text.board_init
                0x0000000081701608       0x6c board/sunxi/built-in.o
                0x0000000081701608                board_init
 .text.dram_init
                0x0000000081701674       0x1a board/sunxi/built-in.o
                0x0000000081701674                dram_init
 .text.board_mmc_init
                0x000000008170168e       0x3a board/sunxi/built-in.o
                0x000000008170168e                board_mmc_init
 .text.get_board_serial
                0x00000000817016c8       0x2c board/sunxi/built-in.o
                0x00000000817016c8                get_board_serial
 .text.misc_init_r
                0x00000000817016f4       0xc4 board/sunxi/built-in.o
                0x00000000817016f4                misc_init_r
 .text.ft_board_setup
                0x00000000817017b8       0x10 board/sunxi/built-in.o
                0x00000000817017b8                ft_board_setup
 .text.do_go_exec
                0x00000000817017c8        0xc cmd/built-in.o
                0x00000000817017c8                do_go_exec
 .text.do_go    0x00000000817017d4       0x48 cmd/built-in.o
 .text.do_bootm
                0x000000008170181c       0xac cmd/built-in.o
                0x000000008170181c                do_bootm
 .text.do_bootd
                0x00000000817018c8       0x20 cmd/built-in.o
                0x00000000817018c8                do_bootd
 .text.image_info
                0x00000000817018e8       0xb0 cmd/built-in.o
 .text.do_iminfo
                0x0000000081701998       0x48 cmd/built-in.o
 .text.bootm_maybe_autostart
                0x00000000817019e0       0x58 cmd/built-in.o
                0x00000000817019e0                bootm_maybe_autostart
 .text.do_help  0x0000000081701a38       0x30 cmd/built-in.o
 .text.do_version
                0x0000000081701a68       0x2c cmd/built-in.o
 .text.blk_common_cmd
                0x0000000081701a94      0x1ec cmd/built-in.o
                0x0000000081701a94                blk_common_cmd
 .text.source   0x0000000081701c80       0xcc cmd/built-in.o
                0x0000000081701c80                source
 .text.do_source
                0x0000000081701d4c       0x30 cmd/built-in.o
 .text.print_num
                0x0000000081701d7c       0x18 cmd/built-in.o
 .text.do_bdinfo
                0x0000000081701d94       0xd4 cmd/built-in.o
 .text.efi_init_obj_list
                0x0000000081701e68       0x30 cmd/built-in.o
 .text.do_bootefi_exec
                0x0000000081701e98      0x310 cmd/built-in.o
 .text.do_bootefi
                0x00000000817021a8       0xd4 cmd/built-in.o
 .text.efi_set_bootdev
                0x000000008170227c       0xc0 cmd/built-in.o
                0x000000008170227c                efi_set_bootdev
 .text.do_bootz
                0x000000008170233c       0x9c cmd/built-in.o
                0x000000008170233c                do_bootz
 .text.do_coninfo
                0x00000000817023d8       0x74 cmd/built-in.o
 .text.do_echo  0x000000008170244c       0x70 cmd/built-in.o
 .text.load_elf_image_shdr
                0x00000000817024bc       0x50 cmd/built-in.o
 .text.valid_elf_image
                0x000000008170250c       0x2c cmd/built-in.o
                0x000000008170250c                valid_elf_image
 .text.do_bootelf
                0x0000000081702538      0x118 cmd/built-in.o
                0x0000000081702538                do_bootelf
 .text.do_bootvx
                0x0000000081702650      0x260 cmd/built-in.o
                0x0000000081702650                do_bootvx
 .text.do_exit  0x00000000817028b0       0x1a cmd/built-in.o
 .text.do_ext4_size
                0x00000000817028ca        0xc cmd/built-in.o
                0x00000000817028ca                do_ext4_size
 .text.do_ext4_load
                0x00000000817028d6        0xc cmd/built-in.o
                0x00000000817028d6                do_ext4_load
 .text.do_ext4_ls
                0x00000000817028e2        0xc cmd/built-in.o
                0x00000000817028e2                do_ext4_ls
 .text.do_ext2load
                0x00000000817028ee        0xc cmd/built-in.o
                0x00000000817028ee                do_ext2load
 .text.do_ext2ls
                0x00000000817028fa        0xc cmd/built-in.o
 .text.do_fat_size
                0x0000000081702906        0xc cmd/built-in.o
                0x0000000081702906                do_fat_size
 .text.do_fat_fsload
                0x0000000081702912        0xc cmd/built-in.o
                0x0000000081702912                do_fat_fsload
 .text.do_fat_ls
                0x000000008170291e        0xc cmd/built-in.o
 *fill*         0x000000008170292a        0x2 
 .text.do_fat_fswrite
                0x000000008170292c       0xb4 cmd/built-in.o
 .text.do_fat_fsinfo
                0x00000000817029e0       0x58 cmd/built-in.o
 .text.fdt_valid
                0x0000000081702a38       0xc0 cmd/built-in.o
 .text.is_printable_string
                0x0000000081702af8       0x50 cmd/built-in.o
 .text.print_data
                0x0000000081702b48      0x114 cmd/built-in.o
 .text.set_working_fdt_addr
                0x0000000081702c5c       0x20 cmd/built-in.o
                0x0000000081702c5c                set_working_fdt_addr
 .text.do_fdt   0x0000000081702c7c      0xbd4 cmd/built-in.o
 .text.do_flinfo
                0x0000000081703850        0x4 cmd/built-in.o
 .text.do_protect
                0x0000000081703854        0xe cmd/built-in.o
 .text.do_flerase
                0x0000000081703862        0x4 cmd/built-in.o
 .text.do_size_wrapper
                0x0000000081703866        0xc cmd/built-in.o
 *fill*         0x0000000081703872        0x2 
 .text.do_load_wrapper
                0x0000000081703874       0x3c cmd/built-in.o
 .text.do_save_wrapper
                0x00000000817038b0        0xc cmd/built-in.o
 .text.do_ls_wrapper
                0x00000000817038bc        0xc cmd/built-in.o
 .text.do_fstype_wrapper
                0x00000000817038c8        0x8 cmd/built-in.o
 .text.gpio_get_description
                0x00000000817038d0       0x84 cmd/built-in.o
 .text.do_gpio  0x0000000081703954      0x228 cmd/built-in.o
 .text.evalexp  0x0000000081703b7c       0x48 cmd/built-in.o
 .text.evalstr  0x0000000081703bc4       0x40 cmd/built-in.o
 .text.binary_test
                0x0000000081703c04      0x104 cmd/built-in.o
 .text.do_itest
                0x0000000081703d08       0x4c cmd/built-in.o
 .text.bin_data_init
                0x0000000081703d54       0x1c cmd/built-in.o
 .text.k_data_save
                0x0000000081703d70       0x34 cmd/built-in.o
 .text.k_data_restore
                0x0000000081703da4       0x34 cmd/built-in.o
 .text.getcxmodem
                0x0000000081703dd8       0x1c cmd/built-in.o
 .text.load_serial_ymodem
                0x0000000081703df4       0xa0 cmd/built-in.o
 .text.bin_data_char
                0x0000000081703e94       0x1c cmd/built-in.o
 .text.chk1.constprop.2
                0x0000000081703eb0       0x24 cmd/built-in.o
 .text.s1_sendpacket.constprop.3
                0x0000000081703ed4       0x40 cmd/built-in.o
 .text.load_serial
                0x0000000081703f14      0x150 cmd/built-in.o
 .text.do_load_serial
                0x0000000081704064       0x9c cmd/built-in.o
 .text.do_load_serial_bin
                0x0000000081704100      0x530 cmd/built-in.o
 .text.do_mem_mw
                0x0000000081704630       0x84 cmd/built-in.o
 .text.do_mem_loop
                0x00000000817046b4       0x86 cmd/built-in.o
 *fill*         0x000000008170473a        0x2 
 .text.do_mem_md
                0x000000008170473c       0xa4 cmd/built-in.o
 .text.do_mem_cmp
                0x00000000817047e0       0xe8 cmd/built-in.o
 .text.do_mem_base
                0x00000000817048c8       0x30 cmd/built-in.o
 .text.do_mem_cp
                0x00000000817048f8       0x84 cmd/built-in.o
 .text.mod_mem.isra.0
                0x000000008170497c       0xec cmd/built-in.o
 .text.do_mem_mm
                0x0000000081704a68       0x12 cmd/built-in.o
 .text.do_mem_nm
                0x0000000081704a7a       0x12 cmd/built-in.o
 .text.extract_range
                0x0000000081704a8c       0x2c cmd/built-in.o
 .text.do_mii   0x0000000081704ab8      0x640 cmd/built-in.o
 .text.do_mmcops
                0x00000000817050f8       0x6c cmd/built-in.o
 .text.init_mmc_device
                0x0000000081705164       0x38 cmd/built-in.o
 .text.do_mmc_rescan
                0x000000008170519c       0x18 cmd/built-in.o
 .text.do_mmc_hwpartition
                0x00000000817051b4      0x35c cmd/built-in.o
 .text.do_mmc_list
                0x0000000081705510        0xc cmd/built-in.o
 .text.do_mmc_dev
                0x000000008170551c       0xc4 cmd/built-in.o
 .text.do_mmc_read
                0x00000000817055e0       0x90 cmd/built-in.o
 .text.do_mmc_erase
                0x0000000081705670       0x9c cmd/built-in.o
 .text.do_mmc_write
                0x000000008170570c       0xa8 cmd/built-in.o
 .text.do_mmcinfo
                0x00000000817057b4      0x2b0 cmd/built-in.o
 .text.do_mmc_setdsr
                0x0000000081705a64       0x70 cmd/built-in.o
 .text.do_mmc_part
                0x0000000081705ad4       0x40 cmd/built-in.o
 .text.netboot_common
                0x0000000081705b14      0x1b4 cmd/built-in.o
 .text.do_bootp
                0x0000000081705cc8        0xc cmd/built-in.o
 .text.do_dhcp  0x0000000081705cd4        0xc cmd/built-in.o
 .text.do_nfs   0x0000000081705ce0        0xc cmd/built-in.o
 .text.do_tftpb
                0x0000000081705cec       0x26 cmd/built-in.o
                0x0000000081705cec                do_tftpb
 *fill*         0x0000000081705d12        0x2 
 .text.do_ping  0x0000000081705d14       0x48 cmd/built-in.o
 .text.do_part_list
                0x0000000081705d5c       0xfc cmd/built-in.o
 .text.do_part_start
                0x0000000081705e58       0x88 cmd/built-in.o
 .text.do_part_size
                0x0000000081705ee0       0x88 cmd/built-in.o
 .text.do_part  0x0000000081705f68       0xb4 cmd/built-in.o
 .text.eol_or_eof
                0x000000008170601c       0x14 cmd/built-in.o
 .text.do_pxe   0x0000000081706030       0x40 cmd/built-in.o
 .text.label_print
                0x0000000081706070       0x18 cmd/built-in.o
 .text.do_get_tftp
                0x0000000081706088       0x2c cmd/built-in.o
 .text.from_env
                0x00000000817060b4       0x1c cmd/built-in.o
 .text.get_string
                0x00000000817060d0       0x7c cmd/built-in.o
 .text.label_destroy
                0x000000008170614c       0x48 cmd/built-in.o
 .text.destroy_pxe_menu
                0x0000000081706194       0x38 cmd/built-in.o
 .text.get_token
                0x00000000817061cc       0x98 cmd/built-in.o
 .text.parse_sliteral
                0x0000000081706264       0x34 cmd/built-in.o
 .text.parse_integer
                0x0000000081706298       0x44 cmd/built-in.o
 .text.do_get_any
                0x00000000817062dc       0x2c cmd/built-in.o
 .text.do_get_fat
                0x0000000081706308       0x28 cmd/built-in.o
 .text.do_get_ext2
                0x0000000081706330       0x28 cmd/built-in.o
 .text.format_mac_pxe.constprop.6
                0x0000000081706358       0x4c cmd/built-in.o
 .text.get_relfile
                0x00000000817063a4       0xc0 cmd/built-in.o
 .text.get_pxe_file
                0x0000000081706464       0x3c cmd/built-in.o
 .text.handle_include
                0x00000000817064a0       0x64 cmd/built-in.o
 .text.parse_pxefile_top
                0x0000000081706504      0x2ac cmd/built-in.o
 .text.parse_pxefile
                0x00000000817067b0       0x40 cmd/built-in.o
 .text.get_pxelinux_path
                0x00000000817067f0       0x54 cmd/built-in.o
 .text.do_pxe_get
                0x0000000081706844       0xf8 cmd/built-in.o
 .text.get_relfile_envaddr
                0x000000008170693c       0x32 cmd/built-in.o
 *fill*         0x000000008170696e        0x2 
 .text.label_boot
                0x0000000081706970      0x3b4 cmd/built-in.o
 .text.handle_pxe_menu
                0x0000000081706d24       0xd8 cmd/built-in.o
 .text.do_pxe_boot
                0x0000000081706dfc       0x94 cmd/built-in.o
 .text.do_sysboot
                0x0000000081706e90      0x148 cmd/built-in.o
 .text.get_arg  0x0000000081706fd8       0x32 cmd/built-in.o
 *fill*         0x000000008170700a        0x2 
 .text.do_setexpr
                0x000000008170700c       0xb8 cmd/built-in.o
 .text.do_false
                0x00000000817070c4        0x4 cmd/built-in.o
 .text.do_true  0x00000000817070c8        0x4 cmd/built-in.o
 .text.do_test  0x00000000817070cc      0x1f8 cmd/built-in.o
 .text.usb_get_class_desc
                0x00000000817072c4       0x68 cmd/built-in.o
 .text.usb_display_class_sub
                0x000000008170732c       0xf8 cmd/built-in.o
 .text.usb_display_desc
                0x0000000081707424       0xf8 cmd/built-in.o
 .text.usb_show_tree_graph
                0x000000008170751c      0x194 cmd/built-in.o
 .text.usb_show_subtree
                0x00000000817076b0       0x24 cmd/built-in.o
 .text.usb_for_each_root_dev
                0x00000000817076d4       0x4a cmd/built-in.o
 *fill*         0x000000008170771e        0x2 
 .text.usb_display_string
                0x0000000081707720       0x34 cmd/built-in.o
 .text.usb_display_config
                0x0000000081707754      0x1ac cmd/built-in.o
 .text.usb_show_info
                0x0000000081707900       0x5c cmd/built-in.o
 .text.usb_find_device
                0x000000008170795c       0x74 cmd/built-in.o
 .text.do_usbboot
                0x00000000817079d0       0x18 cmd/built-in.o
 .text.do_usb_start
                0x00000000817079e8       0x28 cmd/built-in.o
 .text.usb_show_tree
                0x0000000081707a10       0x14 cmd/built-in.o
                0x0000000081707a10                usb_show_tree
 .text.do_usb   0x0000000081707a24      0x2ac cmd/built-in.o
 .text.common_diskboot
                0x0000000081707cd0      0x184 cmd/built-in.o
                0x0000000081707cd0                common_diskboot
 .text.do_imgextract
                0x0000000081707e54      0x1cc cmd/built-in.o
 .text.extract_val
                0x0000000081708020       0x58 cmd/built-in.o
 .text.extract_env
                0x0000000081708078       0x9c cmd/built-in.o
 .text.set_gpt_info.isra.0.constprop.1
                0x0000000081708114      0x32c cmd/built-in.o
 .text.do_gpt   0x0000000081708440      0x238 cmd/built-in.o
 .text.do_env_delete
                0x0000000081708678       0x68 cmd/built-in.o
 .text.do_env_exists
                0x00000000817086e0       0x3c cmd/built-in.o
 .text.do_env_save
                0x000000008170871c       0x24 cmd/built-in.o
 .text.do_env   0x0000000081708740       0x44 cmd/built-in.o
 .text.env_print
                0x0000000081708784       0x80 cmd/built-in.o
 .text.do_env_print
                0x0000000081708804       0x84 cmd/built-in.o
 .text.do_env_import
                0x0000000081708888      0x188 cmd/built-in.o
 .text.do_env_default
                0x0000000081708a10       0x60 cmd/built-in.o
 .text._do_env_set.isra.0
                0x0000000081708a70      0x124 cmd/built-in.o
 .text.do_env_set
                0x0000000081708b94       0x20 cmd/built-in.o
 .text.get_env_id
                0x0000000081708bb4        0xc cmd/built-in.o
                0x0000000081708bb4                get_env_id
 .text.env_set  0x0000000081708bc0       0x44 cmd/built-in.o
                0x0000000081708bc0                env_set
 .text.env_set_ulong
                0x0000000081708c04       0x1c cmd/built-in.o
                0x0000000081708c04                env_set_ulong
 .text.env_set_hex
                0x0000000081708c20       0x28 cmd/built-in.o
                0x0000000081708c20                env_set_hex
 .text.do_env_export
                0x0000000081708c48      0x154 cmd/built-in.o
 .text.envmatch
                0x0000000081708d9c       0x44 cmd/built-in.o
                0x0000000081708d9c                envmatch
 .text.env_get_f
                0x0000000081708de0       0x94 cmd/built-in.o
                0x0000000081708de0                env_get_f
 .text.env_get  0x0000000081708e74       0x58 cmd/built-in.o
                0x0000000081708e74                env_get
 .text.env_get_hex
                0x0000000081708ecc       0x2c cmd/built-in.o
                0x0000000081708ecc                env_get_hex
 .text.env_get_ulong
                0x0000000081708ef8       0x24 cmd/built-in.o
                0x0000000081708ef8                env_get_ulong
 .text.do_env_edit.part.3
                0x0000000081708f1c       0x80 cmd/built-in.o
 .text.do_env_edit
                0x0000000081708f9c       0x26 cmd/built-in.o
 *fill*         0x0000000081708fc2        0x2 
 .text.board_init_f_alloc_reserve
                0x0000000081708fc4       0x10 common/built-in.o
                0x0000000081708fc4                board_init_f_alloc_reserve
 .text.board_init_f_init_reserve
                0x0000000081708fd4       0x1e common/built-in.o
                0x0000000081708fd4                board_init_f_init_reserve
 .text.show_boot_progress
                0x0000000081708ff2        0x4 common/built-in.o
                0x0000000081708ff2                show_boot_progress
 *fill*         0x0000000081708ff6        0x2 
 .text.main_loop
                0x0000000081708ff8       0x54 common/built-in.o
                0x0000000081708ff8                main_loop
 .text.mdelay   0x000000008170904c       0x1e common/built-in.o
 .text.dummy    0x000000008170906a        0x2 common/built-in.o
 .text.get_version
                0x000000008170906c        0x4 common/built-in.o
                0x000000008170906c                get_version
 .text.jumptable_init
                0x0000000081709070      0x130 common/built-in.o
                0x0000000081709070                jumptable_init
 .text.b_reset  0x00000000817091a0       0x10 common/built-in.o
 .text.static_get
                0x00000000817091b0       0x10 common/built-in.o
 .text.static_peek
                0x00000000817091c0        0x6 common/built-in.o
 *fill*         0x00000000817091c6        0x2 
 .text.mapset   0x00000000817091c8       0x14 common/built-in.o
 .text.syntax_err
                0x00000000817091dc       0x14 common/built-in.o
 .text.free_pipe_list
                0x00000000817091f0       0x8c common/built-in.o
 .text.xmalloc  0x000000008170927c       0x20 common/built-in.o
 .text.new_pipe
                0x000000008170929c       0x1c common/built-in.o
 .text.xrealloc
                0x00000000817092b8       0x20 common/built-in.o
 .text.done_command
                0x00000000817092d8       0x54 common/built-in.o
 .text.done_pipe
                0x000000008170932c       0x32 common/built-in.o
 *fill*         0x000000008170935e        0x2 
 .text.done_word
                0x0000000081709360      0x1cc common/built-in.o
 .text.is_assignment
                0x000000008170952c       0x34 common/built-in.o
 .text.file_get
                0x0000000081709560      0x128 common/built-in.o
 .text.do_showvar
                0x0000000081709688       0xa8 common/built-in.o
 .text.b_addchr
                0x0000000081709730       0x4c common/built-in.o
 .text.b_addqchr
                0x000000008170977c       0x38 common/built-in.o
 .text.file_peek
                0x00000000817097b4        0x6 common/built-in.o
 *fill*         0x00000000817097ba        0x2 
 .text.get_local_var
                0x00000000817097bc       0x60 common/built-in.o
                0x00000000817097bc                get_local_var
 .text.set_local_var
                0x000000008170981c      0x118 common/built-in.o
                0x000000008170981c                set_local_var
 .text.insert_var_value_sub
                0x0000000081709934      0x1c0 common/built-in.o
 .text.parse_string_outer
                0x0000000081709af4       0x98 common/built-in.o
                0x0000000081709af4                parse_string_outer
 .text.run_list_real
                0x0000000081709b8c      0x4cc common/built-in.o
 .text.parse_stream_outer
                0x000000008170a058      0x444 common/built-in.o
 .text.parse_file_outer
                0x000000008170a49c       0x30 common/built-in.o
                0x000000008170a49c                parse_file_outer
 .text.u_boot_hush_start
                0x000000008170a4cc       0x3c common/built-in.o
                0x000000008170a4cc                u_boot_hush_start
 .text.bootdelay_process
                0x000000008170a508       0x94 common/built-in.o
                0x000000008170a508                bootdelay_process
 .text.autoboot_command
                0x000000008170a59c       0xb0 common/built-in.o
                0x000000008170a59c                autoboot_command
 .text.log_init
                0x000000008170a64c        0x8 common/built-in.o
 .text.display_text_info
                0x000000008170a654        0x4 common/built-in.o
 .text.setup_mon_len
                0x000000008170a658       0x20 common/built-in.o
 .text.arch_cpu_init
                0x000000008170a678        0x4 common/built-in.o
                0x000000008170a678                arch_cpu_init
 .text.reserve_round_4k
                0x000000008170a67c       0x18 common/built-in.o
 .text.reserve_mmu
                0x000000008170a694       0x2c common/built-in.o
                0x000000008170a694                reserve_mmu
 .text.reserve_uboot
                0x000000008170a6c0       0x20 common/built-in.o
 .text.reserve_malloc
                0x000000008170a6e0       0x1c common/built-in.o
 .text.reserve_global_data
                0x000000008170a6fc       0x1a common/built-in.o
 *fill*         0x000000008170a716        0x2 
 .text.reserve_fdt
                0x000000008170a718       0x50 common/built-in.o
 .text.dram_init_banksize
                0x000000008170a768       0x20 common/built-in.o
                0x000000008170a768                dram_init_banksize
 .text.setup_reloc
                0x000000008170a788       0x28 common/built-in.o
 .text.reloc_fdt
                0x000000008170a7b0       0x28 common/built-in.o
 .text.reserve_board
                0x000000008170a7d8       0x24 common/built-in.o
 .text.announce_dram_init
                0x000000008170a7fc       0x18 common/built-in.o
 .text.init_baud_rate
                0x000000008170a814       0x24 common/built-in.o
 .text.initf_dm
                0x000000008170a838       0x10 common/built-in.o
 .text.initf_bootstage
                0x000000008170a848       0x12 common/built-in.o
 .text.arch_cpu_init_dm
                0x000000008170a85a        0x4 common/built-in.o
                0x000000008170a85a                arch_cpu_init_dm
 .text.mach_cpu_init
                0x000000008170a85e        0x4 common/built-in.o
                0x000000008170a85e                mach_cpu_init
 .text.reserve_video
                0x000000008170a862        0x4 common/built-in.o
 .text.reserve_trace
                0x000000008170a866        0x4 common/built-in.o
 .text.setup_machine
                0x000000008170a86a        0x4 common/built-in.o
 .text.reserve_bootstage
                0x000000008170a86e        0x4 common/built-in.o
 .text.display_new_sp
                0x000000008170a872        0x4 common/built-in.o
 .text.reloc_bootstage
                0x000000008170a876        0x4 common/built-in.o
 .text.initf_console_record
                0x000000008170a87a        0x4 common/built-in.o
 .text.reserve_arch
                0x000000008170a87e        0x4 common/built-in.o
                0x000000008170a87e                reserve_arch
 .text.coloured_LED_init
                0x000000008170a882        0x2 common/built-in.o
                0x000000008170a882                coloured_LED_init
 .text.red_led_on
                0x000000008170a884        0x2 common/built-in.o
                0x000000008170a884                red_led_on
 .text.board_add_ram_info
                0x000000008170a886        0x2 common/built-in.o
                0x000000008170a886                board_add_ram_info
 .text.show_dram_config
                0x000000008170a888       0x30 common/built-in.o
 .text.board_get_usable_ram_top
                0x000000008170a8b8       0x18 common/built-in.o
                0x000000008170a8b8                board_get_usable_ram_top
 .text.setup_dest_addr
                0x000000008170a8d0       0x30 common/built-in.o
 .text.reserve_stacks
                0x000000008170a900       0x1c common/built-in.o
 .text.board_init_f
                0x000000008170a91c       0x24 common/built-in.o
                0x000000008170a91c                board_init_f
 .text.initr_trace
                0x000000008170a940        0x4 common/built-in.o
 .text.initr_reloc
                0x000000008170a944       0x1c common/built-in.o
 .text.run_main_loop
                0x000000008170a960        0xa common/built-in.o
 *fill*         0x000000008170a96a        0x2 
 .text.initr_net
                0x000000008170a96c       0x1c common/built-in.o
 .text.initr_ethaddr
                0x000000008170a988       0x1c common/built-in.o
 .text.initr_enable_interrupts
                0x000000008170a9a4       0x10 common/built-in.o
 .text.initr_jumptable
                0x000000008170a9b4       0x10 common/built-in.o
 .text.initr_env
                0x000000008170a9c4       0x50 common/built-in.o
 .text.initr_mmc
                0x000000008170aa14       0x20 common/built-in.o
 .text.initr_serial
                0x000000008170aa34       0x10 common/built-in.o
 .text.initr_dm
                0x000000008170aa44       0x1a common/built-in.o
 .text.initr_bootstage
                0x000000008170aa5e       0x12 common/built-in.o
 .text.initr_malloc
                0x000000008170aa70       0x20 common/built-in.o
 .text.initr_reloc_global_data
                0x000000008170aa90       0x2c common/built-in.o
 .text.initr_caches
                0x000000008170aabc       0x10 common/built-in.o
 .text.bootstage_relocate
                0x000000008170aacc        0x4 common/built-in.o
 .text.initr_barrier
                0x000000008170aad0        0x4 common/built-in.o
 .text.initr_console_record
                0x000000008170aad4        0x4 common/built-in.o
 .text.power_init_board
                0x000000008170aad8        0x4 common/built-in.o
                0x000000008170aad8                power_init_board
 .text.initr_announce
                0x000000008170aadc        0x4 common/built-in.o
 .text.cpu_secondary_init_r
                0x000000008170aae0        0x2 common/built-in.o
                0x000000008170aae0                cpu_secondary_init_r
 .text.initr_secondary_cpu
                0x000000008170aae2       0x10 common/built-in.o
 *fill*         0x000000008170aaf2        0x2 
 .text.board_init_r
                0x000000008170aaf4       0x20 common/built-in.o
                0x000000008170aaf4                board_init_r
 .text.checkboard
                0x000000008170ab14        0x4 common/built-in.o
                0x000000008170ab14                checkboard
 .text.show_board_info
                0x000000008170ab18       0x2c common/built-in.o
                0x000000008170ab18                show_board_info
 .text.bootm_find_images
                0x000000008170ab44       0x7c common/built-in.o
                0x000000008170ab44                bootm_find_images
 .text.bootm_decomp_image
                0x000000008170abc0       0xe0 common/built-in.o
                0x000000008170abc0                bootm_decomp_image
 .text.bootm_disable_interrupts
                0x000000008170aca0       0x18 common/built-in.o
                0x000000008170aca0                bootm_disable_interrupts
 .text.do_bootm_states
                0x000000008170acb8      0x56c common/built-in.o
                0x000000008170acb8                do_bootm_states
 .text.copy_args
                0x000000008170b224       0x3c common/built-in.o
 .text.do_bootm_rtems
                0x000000008170b260       0x34 common/built-in.o
 .text.do_bootm_plan9
                0x000000008170b294       0x74 common/built-in.o
 .text.do_bootm_standalone
                0x000000008170b308       0x48 common/built-in.o
 .text.do_bootm_qnxelf
                0x000000008170b350       0x58 common/built-in.o
 .text.do_bootm_netbsd
                0x000000008170b3a8       0xb4 common/built-in.o
 .text.do_bootvx_fdt
                0x000000008170b45c       0xc8 common/built-in.o
                0x000000008170b45c                do_bootvx_fdt
 .text.do_bootm_vxworks
                0x000000008170b524       0x20 common/built-in.o
 .text.arch_preboot_os
                0x000000008170b544        0x2 common/built-in.o
                0x000000008170b544                arch_preboot_os
 .text.boot_selected_os
                0x000000008170b546       0x40 common/built-in.o
                0x000000008170b546                boot_selected_os
 *fill*         0x000000008170b586        0x2 
 .text.bootm_os_get_boot_func
                0x000000008170b588        0xc common/built-in.o
                0x000000008170b588                bootm_os_get_boot_func
 .text.of_bus_default_map
                0x000000008170b594       0xe2 common/built-in.o
 .text.of_bus_default_translate
                0x000000008170b676       0xa2 common/built-in.o
 .text.fdt_support_default_count_cells
                0x000000008170b718       0x50 common/built-in.o
                0x000000008170b718                fdt_support_default_count_cells
 .text.fdt_getprop_u32_default_node
                0x000000008170b768       0x3c common/built-in.o
                0x000000008170b768                fdt_getprop_u32_default_node
 .text.fdt_find_and_setprop
                0x000000008170b7a4       0x3e common/built-in.o
                0x000000008170b7a4                fdt_find_and_setprop
 *fill*         0x000000008170b7e2        0x2 
 .text.fdt_find_or_add_subnode
                0x000000008170b7e4       0x40 common/built-in.o
                0x000000008170b7e4                fdt_find_or_add_subnode
 .text.fdt_root
                0x000000008170b824       0x5c common/built-in.o
                0x000000008170b824                fdt_root
 .text.fdt_initrd
                0x000000008170b880      0x16c common/built-in.o
                0x000000008170b880                fdt_initrd
 .text.fdt_chosen
                0x000000008170b9ec       0x94 common/built-in.o
                0x000000008170b9ec                fdt_chosen
 .text.do_fixup_by_path
                0x000000008170ba80       0x30 common/built-in.o
                0x000000008170ba80                do_fixup_by_path
 .text.fdt_fixup_memory_banks
                0x000000008170bab0      0x1a8 common/built-in.o
                0x000000008170bab0                fdt_fixup_memory_banks
 .text.fdt_fixup_memory
                0x000000008170bc58       0x12 common/built-in.o
                0x000000008170bc58                fdt_fixup_memory
 *fill*         0x000000008170bc6a        0x2 
 .text.fdt_fixup_ethernet
                0x000000008170bc6c      0x108 common/built-in.o
                0x000000008170bc6c                fdt_fixup_ethernet
 .text.fdt_shrink_to_minimum
                0x000000008170bd74       0xb4 common/built-in.o
                0x000000008170bd74                fdt_shrink_to_minimum
 .text.fdt_translate_address
                0x000000008170be28      0x1ac common/built-in.o
                0x000000008170be28                fdt_translate_address
 .text.fdt_overlay_apply_verbose
                0x000000008170bfd4       0x4c common/built-in.o
                0x000000008170bfd4                fdt_overlay_apply_verbose
 .text.miiphy_get_dev_by_name
                0x000000008170c020       0x3c common/built-in.o
                0x000000008170c020                miiphy_get_dev_by_name
 .text.miiphy_init
                0x000000008170c05c       0x18 common/built-in.o
                0x000000008170c05c                miiphy_init
 .text.miiphy_set_current_dev
                0x000000008170c074       0x30 common/built-in.o
                0x000000008170c074                miiphy_set_current_dev
 .text.miiphy_get_active_dev
                0x000000008170c0a4       0x38 common/built-in.o
 .text.miiphy_get_current_dev
                0x000000008170c0dc       0x14 common/built-in.o
                0x000000008170c0dc                miiphy_get_current_dev
 .text.miiphy_read
                0x000000008170c0f0       0x32 common/built-in.o
                0x000000008170c0f0                miiphy_read
 .text.miiphy_write
                0x000000008170c122       0x32 common/built-in.o
                0x000000008170c122                miiphy_write
 .text.miiphy_listdev
                0x000000008170c154       0x58 common/built-in.o
                0x000000008170c154                miiphy_listdev
 .text.miiphy_info
                0x000000008170c1ac       0x68 common/built-in.o
                0x000000008170c1ac                miiphy_info
 .text.miiphy_speed
                0x000000008170c214       0x94 common/built-in.o
                0x000000008170c214                miiphy_speed
 .text.miiphy_duplex
                0x000000008170c2a8       0x90 common/built-in.o
                0x000000008170c2a8                miiphy_duplex
 .text.miiphy_is_1000base_x
                0x000000008170c338        0x4 common/built-in.o
                0x000000008170c338                miiphy_is_1000base_x
 .text.usb_set_maxpacket_ep
                0x000000008170c33c       0x68 common/built-in.o
 .text.usb_submit_int_msg
                0x000000008170c3a4       0x18 common/built-in.o
                0x000000008170c3a4                usb_submit_int_msg
 .text.usb_control_msg
                0x000000008170c3bc       0x88 common/built-in.o
                0x000000008170c3bc                usb_control_msg
 .text.usb_get_descriptor
                0x000000008170c444       0x48 common/built-in.o
 .text.get_descriptor_len
                0x000000008170c48c       0x70 common/built-in.o
 .text.usb_setup_descriptor
                0x000000008170c4fc       0x90 common/built-in.o
 .text.usb_get_string
                0x000000008170c58c       0x58 common/built-in.o
 .text.usb_string_sub
                0x000000008170c5e4       0xa8 common/built-in.o
 .text.usb_bulk_msg
                0x000000008170c68c       0x5c common/built-in.o
                0x000000008170c68c                usb_bulk_msg
 .text.usb_maxpacket
                0x000000008170c6e8       0x16 common/built-in.o
                0x000000008170c6e8                usb_maxpacket
 .text.usb_clear_halt
                0x000000008170c6fe       0x64 common/built-in.o
                0x000000008170c6fe                usb_clear_halt
 *fill*         0x000000008170c762        0x2 
 .text.usb_get_configuration_len
                0x000000008170c764       0x5c common/built-in.o
                0x000000008170c764                usb_get_configuration_len
 .text.usb_get_configuration_no
                0x000000008170c7c0       0x28 common/built-in.o
                0x000000008170c7c0                usb_get_configuration_no
 .text.usb_set_interface
                0x000000008170c7e8       0x94 common/built-in.o
                0x000000008170c7e8                usb_set_interface
 .text.usb_set_protocol
                0x000000008170c87c       0x3e common/built-in.o
                0x000000008170c87c                usb_set_protocol
 .text.usb_set_idle
                0x000000008170c8ba       0x42 common/built-in.o
                0x000000008170c8ba                usb_set_idle
 .text.usb_string
                0x000000008170c8fc       0xb8 common/built-in.o
                0x000000008170c8fc                usb_string
 .text.usb_select_config
                0x000000008170c9b4      0x350 common/built-in.o
                0x000000008170c9b4                usb_select_config
 .text.usb_setup_device
                0x000000008170cd04       0xb8 common/built-in.o
                0x000000008170cd04                usb_setup_device
 .text.usb_device_has_child_on_port
                0x000000008170cdbc        0x4 common/built-in.o
                0x000000008170cdbc                usb_device_has_child_on_port
 .text.usb_set_port_feature
                0x000000008170cdc0       0x3e common/built-in.o
 .text.usb_clear_port_feature
                0x000000008170cdfe       0x3e common/built-in.o
 .text.usb_get_hub_descriptor
                0x000000008170ce3c       0x4c common/built-in.o
 .text.usb_hub_reset_devices
                0x000000008170ce88        0x2 common/built-in.o
                0x000000008170ce88                usb_hub_reset_devices
 .text.usb_hub_is_root_hub
                0x000000008170ce8a       0x16 common/built-in.o
                0x000000008170ce8a                usb_hub_is_root_hub
 .text.usb_get_port_status
                0x000000008170cea0       0x88 common/built-in.o
                0x000000008170cea0                usb_get_port_status
 .text.usb_hub_port_connect_change
                0x000000008170cf28      0x110 common/built-in.o
                0x000000008170cf28                usb_hub_port_connect_change
 .text.usb_hub_configure
                0x000000008170d038      0x438 common/built-in.o
 .text.usb_hub_scan
                0x000000008170d470       0x12 common/built-in.o
                0x000000008170d470                usb_hub_scan
 .text.usb_hub_post_probe
                0x000000008170d482        0xe common/built-in.o
 .text.usb_stor_irq
                0x000000008170d490       0x14 common/built-in.o
 .text.usb_stor_BBB_reset
                0x000000008170d4a4       0xc8 common/built-in.o
 .text.usb_stor_CB_reset
                0x000000008170d56c       0xa0 common/built-in.o
 .text.usb_stor_BBB_clear_endpt_stall.isra.0
                0x000000008170d60c       0x38 common/built-in.o
 .text.usb_stor_BBB_transport
                0x000000008170d644      0x1e4 common/built-in.o
 .text.usb_stor_CB_comdat
                0x000000008170d828      0x168 common/built-in.o
 .text.usb_stor_CBI_get_status.isra.2
                0x000000008170d990       0x94 common/built-in.o
 .text.usb_stor_CB_transport
                0x000000008170da24      0x170 common/built-in.o
 .text.usb_request_sense.constprop.11
                0x000000008170db94       0x50 common/built-in.o
 .text.usb_stor_read
                0x000000008170dbe4      0x114 common/built-in.o
 .text.usb_stor_write
                0x000000008170dcf8      0x114 common/built-in.o
 .text.usb_stor_info
                0x000000008170de0c       0x50 common/built-in.o
                0x000000008170de0c                usb_stor_info
 .text.usb_stor_reset
                0x000000008170de5c        0xc common/built-in.o
                0x000000008170de5c                usb_stor_reset
 .text.usb_stor_scan
                0x000000008170de68       0x34 common/built-in.o
                0x000000008170de68                usb_stor_scan
 .text.usb_storage_probe
                0x000000008170de9c      0x1ac common/built-in.o
                0x000000008170de9c                usb_storage_probe
 .text.usb_stor_get_info
                0x000000008170e048      0x278 common/built-in.o
                0x000000008170e048                usb_stor_get_info
 .text.usb_mass_storage_probe
                0x000000008170e2c0      0x144 common/built-in.o
 .text.menu_display_statusline
                0x000000008170e404        0x2 common/built-in.o
                0x000000008170e404                menu_display_statusline
 .text.menu_default_set
                0x000000008170e406       0x46 common/built-in.o
                0x000000008170e406                menu_default_set
 .text.menu_get_choice
                0x000000008170e44c      0x128 common/built-in.o
                0x000000008170e44c                menu_get_choice
 .text.menu_item_add
                0x000000008170e574       0x7a common/built-in.o
                0x000000008170e574                menu_item_add
 .text.menu_create
                0x000000008170e5ee       0x50 common/built-in.o
                0x000000008170e5ee                menu_create
 .text.menu_destroy
                0x000000008170e63e       0x44 common/built-in.o
                0x000000008170e63e                menu_destroy
 *fill*         0x000000008170e682        0x2 
 .text.usb_kbd_remove
                0x000000008170e684       0x5c common/built-in.o
 .text.usb_kbd_translate.part.0
                0x000000008170e6e0       0xd8 common/built-in.o
 .text.usb_kbd_probe
                0x000000008170e7b8      0x164 common/built-in.o
 .text.usb_kbd_irq_worker
                0x000000008170e91c      0x14e common/built-in.o
 *fill*         0x000000008170ea6a        0x2 
 .text.usb_kbd_getc
                0x000000008170ea6c       0x58 common/built-in.o
 .text.usb_kbd_testc
                0x000000008170eac4       0x70 common/built-in.o
 .text.usb_kbd_irq
                0x000000008170eb34       0x30 common/built-in.o
 .text.delete_char.part.0
                0x000000008170eb64       0x80 common/built-in.o
 .text.cread_add_char
                0x000000008170ebe4       0x88 common/built-in.o
 .text.cli_readline_into_buffer
                0x000000008170ec6c      0x640 common/built-in.o
                0x000000008170ec6c                cli_readline_into_buffer
 .text.cli_readline
                0x000000008170f2ac       0x18 common/built-in.o
                0x000000008170f2ac                cli_readline
 .text.cli_simple_process_macros
                0x000000008170f2c4      0x11c common/built-in.o
                0x000000008170f2c4                cli_simple_process_macros
 .text.console_setfile
                0x000000008170f3e0       0x78 common/built-in.o
 .text.pre_console_putc
                0x000000008170f458       0x1c common/built-in.o
 .text.fgetc    0x000000008170f474       0x24 common/built-in.o
                0x000000008170f474                fgetc
 .text.getc     0x000000008170f498       0x26 common/built-in.o
                0x000000008170f498                getc
 *fill*         0x000000008170f4be        0x2 
 .text.ftstc    0x000000008170f4c0       0x24 common/built-in.o
                0x000000008170f4c0                ftstc
 .text.tstc     0x000000008170f4e4       0x26 common/built-in.o
                0x000000008170f4e4                tstc
 *fill*         0x000000008170f50a        0x2 
 .text.fputc    0x000000008170f50c       0x1c common/built-in.o
                0x000000008170f50c                fputc
 .text.putc     0x000000008170f528       0x36 common/built-in.o
                0x000000008170f528                putc
 *fill*         0x000000008170f55e        0x2 
 .text.fputs    0x000000008170f560       0x1c common/built-in.o
                0x000000008170f560                fputs
 .text.puts     0x000000008170f57c       0x4a common/built-in.o
                0x000000008170f57c                puts
 *fill*         0x000000008170f5c6        0x2 
 .text.print_pre_console_buffer
                0x000000008170f5c8       0x98 common/built-in.o
 .text.ctrlc    0x000000008170f660       0x40 common/built-in.o
                0x000000008170f660                ctrlc
 .text.disable_ctrlc
                0x000000008170f6a0       0x10 common/built-in.o
                0x000000008170f6a0                disable_ctrlc
 .text.had_ctrlc
                0x000000008170f6b0        0xc common/built-in.o
                0x000000008170f6b0                had_ctrlc
 .text.clear_ctrlc
                0x000000008170f6bc        0xc common/built-in.o
                0x000000008170f6bc                clear_ctrlc
 .text.search_device
                0x000000008170f6c8       0x24 common/built-in.o
                0x000000008170f6c8                search_device
 .text.console_assign
                0x000000008170f6ec       0x30 common/built-in.o
                0x000000008170f6ec                console_assign
 .text.on_console
                0x000000008170f71c       0x80 common/built-in.o
 .text.console_init_f
                0x000000008170f79c       0x1a common/built-in.o
                0x000000008170f79c                console_init_f
 *fill*         0x000000008170f7b6        0x2 
 .text.stdio_print_current_devices
                0x000000008170f7b8       0x84 common/built-in.o
                0x000000008170f7b8                stdio_print_current_devices
 .text.console_init_r
                0x000000008170f83c       0xa0 common/built-in.o
                0x000000008170f83c                console_init_r
 .text.sbrk     0x000000008170f8dc       0x48 common/built-in.o
                0x000000008170f8dc                sbrk
 .text.mem_malloc_init
                0x000000008170f924       0x2c common/built-in.o
                0x000000008170f924                mem_malloc_init
 .text.malloc_trim
                0x000000008170f950       0x8c common/built-in.o
                0x000000008170f950                malloc_trim
 .text.free     0x000000008170f9dc      0x164 common/built-in.o
                0x000000008170f9dc                free
 .text.malloc   0x000000008170fb40      0x434 common/built-in.o
                0x000000008170fb40                malloc
 .text.calloc   0x000000008170ff74       0xbc common/built-in.o
                0x000000008170ff74                calloc
 .text.realloc  0x0000000081710030      0x2e8 common/built-in.o
                0x0000000081710030                realloc
 .text.memalign
                0x0000000081710318      0x102 common/built-in.o
                0x0000000081710318                memalign
 .text.initf_malloc
                0x000000008171041a       0x20 common/built-in.o
                0x000000008171041a                initf_malloc
 .text.malloc_simple
                0x000000008171043a       0x32 common/built-in.o
                0x000000008171043a                malloc_simple
 .text.on_loadaddr
                0x000000008171046c       0x28 common/built-in.o
 .text.image_check_hcrc
                0x0000000081710494       0x4a common/built-in.o
                0x0000000081710494                image_check_hcrc
 .text.image_check_dcrc
                0x00000000817104de       0x52 common/built-in.o
                0x00000000817104de                image_check_dcrc
 .text.image_multi_count
                0x0000000081710530       0x12 common/built-in.o
                0x0000000081710530                image_multi_count
 .text.image_multi_getimg
                0x0000000081710542       0x94 common/built-in.o
                0x0000000081710542                image_multi_getimg
 *fill*         0x00000000817105d6        0x2 
 .text.env_get_bootm_low
                0x00000000817105d8       0x28 common/built-in.o
                0x00000000817105d8                env_get_bootm_low
 .text.env_get_bootm_size
                0x0000000081710600       0x4c common/built-in.o
                0x0000000081710600                env_get_bootm_size
 .text.env_get_bootm_mapsize
                0x000000008171064c       0x28 common/built-in.o
                0x000000008171064c                env_get_bootm_mapsize
 .text.memmove_wd
                0x0000000081710674       0x12 common/built-in.o
                0x0000000081710674                memmove_wd
 *fill*         0x0000000081710686        0x2 
 .text.genimg_print_size
                0x0000000081710688       0x28 common/built-in.o
                0x0000000081710688                genimg_print_size
 .text.get_table_entry
                0x00000000817106b0       0x12 common/built-in.o
                0x00000000817106b0                get_table_entry
 .text.get_table_entry_name
                0x00000000817106c2       0x1c common/built-in.o
                0x00000000817106c2                get_table_entry_name
 *fill*         0x00000000817106de        0x2 
 .text.genimg_get_os_name
                0x00000000817106e0       0x1c common/built-in.o
                0x00000000817106e0                genimg_get_os_name
 .text.genimg_get_arch_name
                0x00000000817106fc       0x1c common/built-in.o
                0x00000000817106fc                genimg_get_arch_name
 .text.genimg_get_type_name
                0x0000000081710718       0x1c common/built-in.o
                0x0000000081710718                genimg_get_type_name
 .text.genimg_get_comp_name
                0x0000000081710734       0x1c common/built-in.o
                0x0000000081710734                genimg_get_comp_name
 .text.image_print_contents
                0x0000000081710750      0x178 common/built-in.o
                0x0000000081710750                image_print_contents
 .text.genimg_get_kernel_addr_fit
                0x00000000817108c8       0x20 common/built-in.o
                0x00000000817108c8                genimg_get_kernel_addr_fit
 .text.genimg_get_kernel_addr
                0x00000000817108e8       0x1c common/built-in.o
                0x00000000817108e8                genimg_get_kernel_addr
 .text.genimg_get_format
                0x0000000081710904       0x40 common/built-in.o
                0x0000000081710904                genimg_get_format
 .text.genimg_has_config
                0x0000000081710944        0x4 common/built-in.o
                0x0000000081710944                genimg_has_config
 .text.boot_get_ramdisk
                0x0000000081710948      0x1e0 common/built-in.o
                0x0000000081710948                boot_get_ramdisk
 .text.boot_ramdisk_high
                0x0000000081710b28       0xd4 common/built-in.o
                0x0000000081710b28                boot_ramdisk_high
 .text.boot_get_setup
                0x0000000081710bfc        0x6 common/built-in.o
                0x0000000081710bfc                boot_get_setup
 .text.image_setup_linux
                0x0000000081710c02       0x42 common/built-in.o
                0x0000000081710c02                image_setup_linux
 .text.fdt_error
                0x0000000081710c44       0x28 common/built-in.o
 .text.boot_fdt_add_mem_rsv_regions
                0x0000000081710c6c       0x60 common/built-in.o
                0x0000000081710c6c                boot_fdt_add_mem_rsv_regions
 .text.boot_relocate_fdt
                0x0000000081710ccc      0x13c common/built-in.o
                0x0000000081710ccc                boot_relocate_fdt
 .text.boot_get_fdt
                0x0000000081710e08      0x21c common/built-in.o
                0x0000000081710e08                boot_get_fdt
 .text.ft_verify_fdt
                0x0000000081711024        0x4 common/built-in.o
                0x0000000081711024                ft_verify_fdt
 .text.image_setup_libfdt
                0x0000000081711028      0x10c common/built-in.o
                0x0000000081711028                image_setup_libfdt
 .text.get_ram_size
                0x0000000081711134       0x94 common/built-in.o
                0x0000000081711134                get_ram_size
 .text.get_effective_memsize
                0x00000000817111c8        0xc common/built-in.o
                0x00000000817111c8                get_effective_memsize
 .text.nulldev_putc
                0x00000000817111d4        0x2 common/built-in.o
 .text.nulldev_puts
                0x00000000817111d6        0x2 common/built-in.o
 .text.nulldev_input
                0x00000000817111d8        0x4 common/built-in.o
 .text.stdio_serial_tstc
                0x00000000817111dc        0xe common/built-in.o
 .text.stdio_serial_getc
                0x00000000817111ea        0xe common/built-in.o
 .text.stdio_serial_puts
                0x00000000817111f8       0x10 common/built-in.o
 .text.stdio_serial_putc
                0x0000000081711208       0x10 common/built-in.o
 .text.stdio_get_list
                0x0000000081711218        0xc common/built-in.o
                0x0000000081711218                stdio_get_list
 .text.stdio_get_by_name
                0x0000000081711224       0x3c common/built-in.o
                0x0000000081711224                stdio_get_by_name
 .text.stdio_clone
                0x0000000081711260       0x28 common/built-in.o
                0x0000000081711260                stdio_clone
 .text.stdio_register_dev
                0x0000000081711288       0x3c common/built-in.o
                0x0000000081711288                stdio_register_dev
 .text.stdio_register
                0x00000000817112c4       0x10 common/built-in.o
                0x00000000817112c4                stdio_register
 .text.stdio_deregister_dev
                0x00000000817112d4       0xa4 common/built-in.o
                0x00000000817112d4                stdio_deregister_dev
 .text.stdio_init_tables
                0x0000000081711378       0x14 common/built-in.o
                0x0000000081711378                stdio_init_tables
 .text.stdio_add_devices
                0x000000008171138c       0xc8 common/built-in.o
                0x000000008171138c                stdio_add_devices
 .text.run_command
                0x0000000081711454       0x18 common/built-in.o
                0x0000000081711454                run_command
 .text.run_command_list
                0x000000008171146c       0x50 common/built-in.o
                0x000000008171146c                run_command_list
 .text.do_run   0x00000000817114bc       0x4c common/built-in.o
                0x00000000817114bc                do_run
 .text.cli_process_fdt
                0x0000000081711508       0x38 common/built-in.o
                0x0000000081711508                cli_process_fdt
 .text.cli_secure_boot_cmd
                0x0000000081711540       0x54 common/built-in.o
                0x0000000081711540                cli_secure_boot_cmd
 .text.cli_loop
                0x0000000081711594        0xa common/built-in.o
                0x0000000081711594                cli_loop
 .text.cli_init
                0x000000008171159e        0xe common/built-in.o
                0x000000008171159e                cli_init
 .text.find_cmd_tbl
                0x00000000817115ac       0x6c common/built-in.o
                0x00000000817115ac                find_cmd_tbl
 .text.find_cmd
                0x0000000081711618       0x24 common/built-in.o
                0x0000000081711618                find_cmd
 .text.cmd_usage
                0x000000008171163c       0x40 common/built-in.o
                0x000000008171163c                cmd_usage
 .text._do_help
                0x000000008171167c      0x100 common/built-in.o
                0x000000008171167c                _do_help
 .text.var_complete
                0x000000008171177c       0x4c common/built-in.o
                0x000000008171177c                var_complete
 .text.cmd_auto_complete
                0x00000000817117c8      0x2dc common/built-in.o
                0x00000000817117c8                cmd_auto_complete
 .text.cmd_get_data_size
                0x0000000081711aa4       0x38 common/built-in.o
                0x0000000081711aa4                cmd_get_data_size
 .text.cmd_process
                0x0000000081711adc       0x98 common/built-in.o
                0x0000000081711adc                cmd_process
 .text.cmd_process_error
                0x0000000081711b74       0x18 common/built-in.o
                0x0000000081711b74                cmd_process_error
 .text.hex1_bin
                0x0000000081711b8c       0x2c common/built-in.o
 .text.hex2_bin
                0x0000000081711bb8       0x24 common/built-in.o
 .text.srec_decode
                0x0000000081711bdc      0x18c common/built-in.o
                0x0000000081711bdc                srec_decode
 .text.CYGACC_COMM_IF_GETC_TIMEOUT.isra.0
                0x0000000081711d68       0x34 common/built-in.o
 .text.xyzModem_flush
                0x0000000081711d9c       0x10 common/built-in.o
 .text.xyzModem_get_hdr
                0x0000000081711dac      0x180 common/built-in.o
 .text.xyzModem_stream_open
                0x0000000081711f2c      0x1ac common/built-in.o
                0x0000000081711f2c                xyzModem_stream_open
 .text.xyzModem_stream_read
                0x00000000817120d8      0x1d8 common/built-in.o
                0x00000000817120d8                xyzModem_stream_read
 .text.xyzModem_stream_close
                0x00000000817122b0       0x4c common/built-in.o
                0x00000000817122b0                xyzModem_stream_close
 .text.xyzModem_stream_terminate
                0x00000000817122fc       0x70 common/built-in.o
                0x00000000817122fc                xyzModem_stream_terminate
 .text.xyzModem_error
                0x000000008171236c       0x1c common/built-in.o
                0x000000008171236c                xyzModem_error
 .text.blk_get_dev
                0x0000000081712388       0x24 disk/built-in.o
                0x0000000081712388                blk_get_dev
 .text.dev_print
                0x00000000817123ac      0x170 disk/built-in.o
                0x00000000817123ac                dev_print
 .text.part_init
                0x000000008171251c       0x3c disk/built-in.o
                0x000000008171251c                part_init
 .text.part_print
                0x0000000081712558       0xc4 disk/built-in.o
                0x0000000081712558                part_print
 .text.part_get_info
                0x000000008171261c       0x48 disk/built-in.o
                0x000000008171261c                part_get_info
 .text.part_get_info_whole_disk
                0x0000000081712664       0x40 disk/built-in.o
                0x0000000081712664                part_get_info_whole_disk
 .text.blk_get_device_by_str
                0x00000000817126a4       0xd4 disk/built-in.o
                0x00000000817126a4                blk_get_device_by_str
 .text.blk_get_device_part_str
                0x0000000081712778      0x24c disk/built-in.o
                0x0000000081712778                blk_get_device_part_str
 .text.part_set_generic_name
                0x00000000817129c4       0x3c disk/built-in.o
                0x00000000817129c4                part_set_generic_name
 .text.test_block_type
                0x0000000081712a00       0x58 disk/built-in.o
 .text.print_partition_extended
                0x0000000081712a58      0x1ac disk/built-in.o
 .text.part_print_dos
                0x0000000081712c04       0x20 disk/built-in.o
                0x0000000081712c04                part_print_dos
 .text.part_test_dos
                0x0000000081712c24       0x52 disk/built-in.o
 *fill*         0x0000000081712c76        0x2 
 .text.part_get_info_extended
                0x0000000081712c78      0x20c disk/built-in.o
 .text.part_get_info_dos
                0x0000000081712e84       0x18 disk/built-in.o
                0x0000000081712e84                part_get_info_dos
 .text.iso_dread
                0x0000000081712e9c       0x26 disk/built-in.o
                0x0000000081712e9c                iso_dread
 *fill*         0x0000000081712ec2        0x2 
 .text.part_get_info_iso_verb
                0x0000000081712ec4      0x26c disk/built-in.o
                0x0000000081712ec4                part_get_info_iso_verb
 .text.part_test_iso
                0x0000000081713130       0x12 disk/built-in.o
 *fill*         0x0000000081713142        0x2 
 .text.part_print_iso
                0x0000000081713144       0x60 disk/built-in.o
 .text.part_get_info_iso
                0x00000000817131a4        0xa disk/built-in.o
 *fill*         0x00000000817131ae        0x2 
 .text.print_efiname
                0x00000000817131b0       0x3c disk/built-in.o
 .text.part_test_efi
                0x00000000817131ec       0x90 disk/built-in.o
 .text.validate_gpt_entries
                0x000000008171327c       0xa0 disk/built-in.o
 .text.validate_gpt_header
                0x000000008171331c      0x1b8 disk/built-in.o
 .text.is_gpt_valid
                0x00000000817134d4      0x1f0 disk/built-in.o
 .text.is_pte_valid
                0x00000000817136c4       0x44 disk/built-in.o
 .text.part_print_efi
                0x0000000081713708      0x228 disk/built-in.o
                0x0000000081713708                part_print_efi
 .text.part_get_info_efi
                0x0000000081713930      0x188 disk/built-in.o
                0x0000000081713930                part_get_info_efi
 .text.get_disk_guid
                0x0000000081713ab8       0xb0 disk/built-in.o
                0x0000000081713ab8                get_disk_guid
 .text.write_gpt_table
                0x0000000081713b68      0x3cc disk/built-in.o
                0x0000000081713b68                write_gpt_table
 .text.gpt_fill_pte
                0x0000000081713f34      0x2a4 disk/built-in.o
                0x0000000081713f34                gpt_fill_pte
 .text.gpt_fill_header
                0x00000000817141d8      0x188 disk/built-in.o
                0x00000000817141d8                gpt_fill_header
 .text.gpt_restore
                0x0000000081714360       0xd4 disk/built-in.o
                0x0000000081714360                gpt_restore
 .text.gpt_verify_headers
                0x0000000081714434       0x5c disk/built-in.o
                0x0000000081714434                gpt_verify_headers
 .text.gpt_verify_partitions
                0x0000000081714490      0x1a8 disk/built-in.o
                0x0000000081714490                gpt_verify_partitions
 .text.device_bind_common.isra.0
                0x0000000081714638      0x20c drivers/built-in.o
 .text.alloc_priv
                0x0000000081714844       0x42 drivers/built-in.o
 .text.device_bind_with_driver_data
                0x0000000081714886       0x20 drivers/built-in.o
                0x0000000081714886                device_bind_with_driver_data
 .text.device_bind
                0x00000000817148a6       0x20 drivers/built-in.o
                0x00000000817148a6                device_bind
 .text.device_bind_by_name
                0x00000000817148c6       0x4c drivers/built-in.o
                0x00000000817148c6                device_bind_by_name
 *fill*         0x0000000081714912        0x2 
 .text.device_probe
                0x0000000081714914      0x140 drivers/built-in.o
                0x0000000081714914                device_probe
 .text.dev_get_platdata
                0x0000000081714a54       0x28 drivers/built-in.o
                0x0000000081714a54                dev_get_platdata
 .text.dev_get_parent_platdata
                0x0000000081714a7c       0x28 drivers/built-in.o
                0x0000000081714a7c                dev_get_parent_platdata
 .text.dev_get_uclass_platdata
                0x0000000081714aa4       0x28 drivers/built-in.o
                0x0000000081714aa4                dev_get_uclass_platdata
 .text.dev_get_priv
                0x0000000081714acc       0x28 drivers/built-in.o
                0x0000000081714acc                dev_get_priv
 .text.dev_get_uclass_priv
                0x0000000081714af4       0x28 drivers/built-in.o
                0x0000000081714af4                dev_get_uclass_priv
 .text.dev_get_parent_priv
                0x0000000081714b1c       0x28 drivers/built-in.o
                0x0000000081714b1c                dev_get_parent_priv
 .text.device_get_child
                0x0000000081714b44       0x3c drivers/built-in.o
                0x0000000081714b44                device_get_child
 .text.device_find_first_child
                0x0000000081714b80       0x14 drivers/built-in.o
                0x0000000081714b80                device_find_first_child
 .text.device_find_next_child
                0x0000000081714b94       0x18 drivers/built-in.o
                0x0000000081714b94                device_find_next_child
 .text.dev_get_driver_data
                0x0000000081714bac        0x4 drivers/built-in.o
                0x0000000081714bac                dev_get_driver_data
 .text.device_get_uclass_id
                0x0000000081714bb0        0x8 drivers/built-in.o
                0x0000000081714bb0                device_get_uclass_id
 .text.device_has_active_children
                0x0000000081714bb8       0x30 drivers/built-in.o
                0x0000000081714bb8                device_has_active_children
 .text.device_is_last_sibling
                0x0000000081714be8       0x14 drivers/built-in.o
                0x0000000081714be8                device_is_last_sibling
 .text.devfdt_get_addr_index
                0x0000000081714bfc       0x78 drivers/built-in.o
                0x0000000081714bfc                devfdt_get_addr_index
 .text.devfdt_get_addr
                0x0000000081714c74       0x10 drivers/built-in.o
                0x0000000081714c74                devfdt_get_addr
 .text.lists_driver_lookup_name
                0x0000000081714c84       0x38 drivers/built-in.o
                0x0000000081714c84                lists_driver_lookup_name
 .text.lists_uclass_lookup
                0x0000000081714cbc       0x20 drivers/built-in.o
                0x0000000081714cbc                lists_uclass_lookup
 .text.lists_bind_drivers
                0x0000000081714cdc       0x58 drivers/built-in.o
                0x0000000081714cdc                lists_bind_drivers
 .text.device_bind_driver_to_node
                0x0000000081714d34       0x36 drivers/built-in.o
                0x0000000081714d34                device_bind_driver_to_node
 .text.device_bind_driver
                0x0000000081714d6a       0x1a drivers/built-in.o
                0x0000000081714d6a                device_bind_driver
 .text.lists_bind_fdt
                0x0000000081714d84       0xe0 drivers/built-in.o
                0x0000000081714d84                lists_bind_fdt
 .text.dm_scan_fdt_node
                0x0000000081714e64       0x78 drivers/built-in.o
 .text.dm_root  0x0000000081714edc       0x24 drivers/built-in.o
                0x0000000081714edc                dm_root
 .text.dm_get_translation_offset
                0x0000000081714f00       0x14 drivers/built-in.o
                0x0000000081714f00                dm_get_translation_offset
 .text.dm_init  0x0000000081714f14       0x48 drivers/built-in.o
                0x0000000081714f14                dm_init
 .text.dm_remove_devices_flags
                0x0000000081714f5c       0x1a drivers/built-in.o
                0x0000000081714f5c                dm_remove_devices_flags
 *fill*         0x0000000081714f76        0x2 
 .text.dm_scan_platdata
                0x0000000081714f78       0x24 drivers/built-in.o
                0x0000000081714f78                dm_scan_platdata
 .text.dm_scan_fdt_dev
                0x0000000081714f9c       0x26 drivers/built-in.o
                0x0000000081714f9c                dm_scan_fdt_dev
 .text.dm_scan_fdt
                0x0000000081714fc2       0x1c drivers/built-in.o
                0x0000000081714fc2                dm_scan_fdt
 *fill*         0x0000000081714fde        0x2 
 .text.dm_extended_scan_fdt
                0x0000000081714fe0       0x38 drivers/built-in.o
                0x0000000081714fe0                dm_extended_scan_fdt
 .text.dm_scan_other
                0x0000000081715018        0x4 drivers/built-in.o
                0x0000000081715018                dm_scan_other
 .text.dm_init_and_scan
                0x000000008171501c       0x36 drivers/built-in.o
                0x000000008171501c                dm_init_and_scan
 .text.uclass_find
                0x0000000081715052       0x36 drivers/built-in.o
                0x0000000081715052                uclass_find
 .text.uclass_get
                0x0000000081715088       0xb4 drivers/built-in.o
                0x0000000081715088                uclass_get
 .text.uclass_find_device
                0x000000008171513c       0x50 drivers/built-in.o
                0x000000008171513c                uclass_find_device
 .text.uclass_find_first_device
                0x000000008171518c       0x2e drivers/built-in.o
                0x000000008171518c                uclass_find_first_device
 .text.uclass_find_next_device
                0x00000000817151ba       0x18 drivers/built-in.o
                0x00000000817151ba                uclass_find_next_device
 .text.uclass_find_device_by_seq
                0x00000000817151d2       0x56 drivers/built-in.o
                0x00000000817151d2                uclass_find_device_by_seq
 .text.uclass_find_device_by_of_offset
                0x0000000081715228       0x4c drivers/built-in.o
                0x0000000081715228                uclass_find_device_by_of_offset
 .text.uclass_find_device_by_ofnode
                0x0000000081715274       0x4c drivers/built-in.o
                0x0000000081715274                uclass_find_device_by_ofnode
 .text.uclass_get_device_tail
                0x00000000817152c0       0x22 drivers/built-in.o
                0x00000000817152c0                uclass_get_device_tail
 .text.uclass_get_device
                0x00000000817152e2       0x26 drivers/built-in.o
                0x00000000817152e2                uclass_get_device
 .text.uclass_get_device_by_seq
                0x0000000081715308       0x3c drivers/built-in.o
                0x0000000081715308                uclass_get_device_by_seq
 .text.uclass_get_device_by_of_offset
                0x0000000081715344       0x26 drivers/built-in.o
                0x0000000081715344                uclass_get_device_by_of_offset
 .text.uclass_get_device_by_ofnode
                0x000000008171536a       0x26 drivers/built-in.o
                0x000000008171536a                uclass_get_device_by_ofnode
 .text.uclass_first_device
                0x0000000081715390       0x2e drivers/built-in.o
                0x0000000081715390                uclass_first_device
 .text.uclass_next_device
                0x00000000817153be       0x32 drivers/built-in.o
                0x00000000817153be                uclass_next_device
 .text.uclass_bind_device
                0x00000000817153f0       0x46 drivers/built-in.o
                0x00000000817153f0                uclass_bind_device
 .text.uclass_unbind_device
                0x0000000081715436       0x2e drivers/built-in.o
                0x0000000081715436                uclass_unbind_device
 .text.uclass_resolve_seq
                0x0000000081715464       0x74 drivers/built-in.o
                0x0000000081715464                uclass_resolve_seq
 .text.uclass_pre_probe_device
                0x00000000817154d8       0x36 drivers/built-in.o
                0x00000000817154d8                uclass_pre_probe_device
 .text.uclass_post_probe_device
                0x000000008171550e       0x1c drivers/built-in.o
                0x000000008171550e                uclass_post_probe_device
 .text.uclass_pre_remove_device
                0x000000008171552a       0x1c drivers/built-in.o
                0x000000008171552a                uclass_pre_remove_device
 .text.dm_warn  0x0000000081715546       0x16 drivers/built-in.o
                0x0000000081715546                dm_warn
 .text.dm_fdt_pre_reloc
                0x000000008171555c       0x40 drivers/built-in.o
                0x000000008171555c                dm_fdt_pre_reloc
 .text.device_unbind
                0x000000008171559c       0xc0 drivers/built-in.o
                0x000000008171559c                device_unbind
 .text.device_free
                0x000000008171565c       0x56 drivers/built-in.o
                0x000000008171565c                device_free
 *fill*         0x00000000817156b2        0x2 
 .text.device_remove
                0x00000000817156b4       0xf8 drivers/built-in.o
                0x00000000817156b4                device_remove
 .text.simple_bus_post_bind
                0x00000000817157ac       0x40 drivers/built-in.o
 .text.show_devices
                0x00000000817157ec       0xa4 drivers/built-in.o
 .text.dm_dump_all
                0x0000000081715890       0x34 drivers/built-in.o
                0x0000000081715890                dm_dump_all
 .text.dm_dump_uclass
                0x00000000817158c4       0x98 drivers/built-in.o
                0x00000000817158c4                dm_dump_uclass
 .text.ofnode_read_u32
                0x000000008171595c       0x52 drivers/built-in.o
                0x000000008171595c                ofnode_read_u32
 .text.ofnode_read_u32_default
                0x00000000817159ae       0x18 drivers/built-in.o
                0x00000000817159ae                ofnode_read_u32_default
 .text.ofnode_read_u32_array
                0x00000000817159c6       0x22 drivers/built-in.o
                0x00000000817159c6                ofnode_read_u32_array
 .text.ofnode_get_name
                0x00000000817159e8       0x14 drivers/built-in.o
                0x00000000817159e8                ofnode_get_name
 .text.ofnode_parse_phandle_with_args
                0x00000000817159fc       0x46 drivers/built-in.o
                0x00000000817159fc                ofnode_parse_phandle_with_args
 .text.ofnode_path
                0x0000000081715a42       0x12 drivers/built-in.o
                0x0000000081715a42                ofnode_path
 .text.ofnode_get_property
                0x0000000081715a54       0x1c drivers/built-in.o
                0x0000000081715a54                ofnode_get_property
 .text.ofnode_read_bool
                0x0000000081715a70       0x14 drivers/built-in.o
                0x0000000081715a70                ofnode_read_bool
 .text.get_desc
                0x0000000081715a84       0x3a drivers/built-in.o
 *fill*         0x0000000081715abe        0x2 
 .text.blk_driver_lookup_type
                0x0000000081715ac0       0x20 drivers/built-in.o
                0x0000000081715ac0                blk_driver_lookup_type
 .text.blk_get_if_type_name
                0x0000000081715ae0        0xe drivers/built-in.o
                0x0000000081715ae0                blk_get_if_type_name
 .text.blk_list_part
                0x0000000081715aee       0x54 drivers/built-in.o
                0x0000000081715aee                blk_list_part
 .text.blk_print_part_devnum
                0x0000000081715b42       0x32 drivers/built-in.o
                0x0000000081715b42                blk_print_part_devnum
 .text.blk_list_devices
                0x0000000081715b74       0x40 drivers/built-in.o
                0x0000000081715b74                blk_list_devices
 .text.blk_print_device_num
                0x0000000081715bb4       0x38 drivers/built-in.o
                0x0000000081715bb4                blk_print_device_num
 .text.blk_show_device
                0x0000000081715bec       0x54 drivers/built-in.o
                0x0000000081715bec                blk_show_device
 .text.blk_get_devnum_by_type
                0x0000000081715c40       0x20 drivers/built-in.o
                0x0000000081715c40                blk_get_devnum_by_type
 .text.blk_dselect_hwpart
                0x0000000081715c60       0x24 drivers/built-in.o
                0x0000000081715c60                blk_dselect_hwpart
 .text.blk_get_devnum_by_typename
                0x0000000081715c84       0x4c drivers/built-in.o
                0x0000000081715c84                blk_get_devnum_by_typename
 .text.blk_read_devnum
                0x0000000081715cd0       0x30 drivers/built-in.o
                0x0000000081715cd0                blk_read_devnum
 .text.blk_write_devnum
                0x0000000081715d00       0x30 drivers/built-in.o
                0x0000000081715d00                blk_write_devnum
 .text.blk_select_hwpart_devnum
                0x0000000081715d30       0x2a drivers/built-in.o
                0x0000000081715d30                blk_select_hwpart_devnum
 .text.mmc_set_ios
                0x0000000081715d5a       0x16 drivers/built-in.o
 .text.mmc_set_capacity
                0x0000000081715d70       0x7a drivers/built-in.o
 .text.board_mmc_getwp
                0x0000000081715dea        0x6 drivers/built-in.o
                0x0000000081715dea                board_mmc_getwp
 .text.mmc_getwp
                0x0000000081715df0       0x24 drivers/built-in.o
                0x0000000081715df0                mmc_getwp
 .text.board_mmc_getcd
                0x0000000081715e14        0x6 drivers/built-in.o
                0x0000000081715e14                board_mmc_getcd
 .text.mmc_send_cmd
                0x0000000081715e1a       0x12 drivers/built-in.o
                0x0000000081715e1a                mmc_send_cmd
 .text.mmc_send_ext_csd
                0x0000000081715e2c       0x32 drivers/built-in.o
 .text.mmc_go_idle
                0x0000000081715e5e       0x38 drivers/built-in.o
 *fill*         0x0000000081715e96        0x2 
 .text.mmc_send_op_cond_iter
                0x0000000081715e98       0x54 drivers/built-in.o
 .text.mmc_send_status
                0x0000000081715eec       0x94 drivers/built-in.o
                0x0000000081715eec                mmc_send_status
 .text.mmc_set_blocklen
                0x0000000081715f80       0x32 drivers/built-in.o
                0x0000000081715f80                mmc_set_blocklen
 *fill*         0x0000000081715fb2        0x2 
 .text.mmc_bread
                0x0000000081715fb4       0xf8 drivers/built-in.o
                0x0000000081715fb4                mmc_bread
 .text.mmc_switch
                0x00000000817160ac       0x4c drivers/built-in.o
                0x00000000817160ac                mmc_switch
 .text.mmc_switch_part
                0x00000000817160f8       0x4c drivers/built-in.o
                0x00000000817160f8                mmc_switch_part
 .text.mmc_hwpart_config
                0x0000000081716144      0x300 drivers/built-in.o
                0x0000000081716144                mmc_hwpart_config
 .text.mmc_getcd
                0x0000000081716444       0x26 drivers/built-in.o
                0x0000000081716444                mmc_getcd
 .text.mmc_set_clock
                0x000000008171646a       0x22 drivers/built-in.o
                0x000000008171646a                mmc_set_clock
 .text.mmc_startup
                0x000000008171648c      0xa78 drivers/built-in.o
 .text.board_mmc_power_init
                0x0000000081716f04        0x2 drivers/built-in.o
                0x0000000081716f04                board_mmc_power_init
 *fill*         0x0000000081716f06        0x2 
 .text.mmc_start_init
                0x0000000081716f08      0x19c drivers/built-in.o
                0x0000000081716f08                mmc_start_init
 .text.mmc_init
                0x00000000817170a4       0xd0 drivers/built-in.o
                0x00000000817170a4                mmc_init
 .text.mmc_set_dsr
                0x0000000081717174        0x6 drivers/built-in.o
                0x0000000081717174                mmc_set_dsr
 .text.cpu_mmc_init
                0x000000008171717a        0x6 drivers/built-in.o
                0x000000008171717a                cpu_mmc_init
 .text.mmc_initialize
                0x0000000081717180       0x40 drivers/built-in.o
                0x0000000081717180                mmc_initialize
 .text.find_mmc_device
                0x00000000817171c0       0x30 drivers/built-in.o
                0x00000000817171c0                find_mmc_device
 .text.mmc_select_hwpartp
                0x00000000817171f0       0x3a drivers/built-in.o
 .text.mmc_get_dev
                0x000000008171722a       0x20 drivers/built-in.o
 *fill*         0x000000008171724a        0x2 
 .text.mmc_get_next_devnum
                0x000000008171724c       0x10 drivers/built-in.o
                0x000000008171724c                mmc_get_next_devnum
 .text.mmc_get_blk_desc
                0x000000008171725c        0x4 drivers/built-in.o
                0x000000008171725c                mmc_get_blk_desc
 .text.get_mmc_num
                0x0000000081717260        0xc drivers/built-in.o
                0x0000000081717260                get_mmc_num
 .text.mmc_do_preinit
                0x000000008171726c       0x24 drivers/built-in.o
                0x000000008171726c                mmc_do_preinit
 .text.mmc_list_init
                0x0000000081717290       0x18 drivers/built-in.o
                0x0000000081717290                mmc_list_init
 .text.mmc_list_add
                0x00000000817172a8       0x14 drivers/built-in.o
                0x00000000817172a8                mmc_list_add
 .text.print_mmc_devices
                0x00000000817172bc       0x80 drivers/built-in.o
                0x00000000817172bc                print_mmc_devices
 .text.mmc_create
                0x000000008171733c       0x80 drivers/built-in.o
                0x000000008171733c                mmc_create
 .text.mmc_berase
                0x00000000817173bc      0x11c drivers/built-in.o
                0x00000000817173bc                mmc_berase
 .text.mmc_bwrite
                0x00000000817174d8      0x118 drivers/built-in.o
                0x00000000817174d8                mmc_bwrite
 .text.sunxi_mmc_core_init
                0x00000000817175f0       0x1e drivers/built-in.o
 *fill*         0x000000008171760e        0x2 
 .text.sunxi_mmc_getcd_gpio
                0x0000000081717610       0x20 drivers/built-in.o
 .text.sunxi_mmc_getcd_legacy
                0x0000000081717630       0x22 drivers/built-in.o
 *fill*         0x0000000081717652        0x2 
 .text.mmc_update_clk.isra.1
                0x0000000081717654       0x48 drivers/built-in.o
 .text.mmc_set_mod_clk
                0x000000008171769c       0xa4 drivers/built-in.o
 .text.sunxi_mmc_set_ios_legacy
                0x0000000081717740       0x8c drivers/built-in.o
 .text.sunxi_mmc_send_cmd_legacy
                0x00000000817177cc      0x224 drivers/built-in.o