mmc.c:1079:13:mmc_set_ios	8	static
mmc.c:600:12:mmc_set_capacity	24	static
mmc.c:57:12:board_mmc_getwp	0	static
mmc.c:62:5:mmc_getwp	16	static
mmc.c:78:12:board_mmc_getcd	0	static
mmc.c:153:5:mmc_send_cmd	8	static
mmc.c:499:12:mmc_send_ext_csd	56	static
mmc.c:321:12:mmc_go_idle	48	static
mmc.c:410:12:mmc_send_op_cond_iter	48	static
mmc.c:165:5:mmc_send_status	56	static
mmc.c:209:5:mmc_set_blocklen	48	static
mmc.c:267:7:mmc_bread	88	static
mmc.c:520:5:mmc_switch	56	static
mmc.c:628:5:mmc_switch_part	24	static
mmc.c:648:5:mmc_hwpart_config	616	static
mmc.c:843:5:mmc_getcd	16	static
mmc.c:1086:6:mmc_set_clock	8	static
mmc.c:1106:12:mmc_startup	1336	static
mmc.c:1613:13:board_mmc_power_init	0	static
mmc.c:1648:5:mmc_start_init	56	static
mmc.c:1738:5:mmc_init	24	static
mmc.c:1763:5:mmc_set_dsr	0	static
mmc.c:1770:12:cpu_mmc_init	0	static
mmc.c:1776:12:board_mmc_init	0	static
mmc.c:1781:6:mmc_set_preinit	0	static
mmc.c:1830:5:mmc_initialize	16	static
