mmc_legacy.c:17:13:find_mmc_device	8	static
mmc_legacy.c:193:12:mmc_select_hwpartp	8	static
mmc_legacy.c:214:12:mmc_get_dev	16	static
mmc_legacy.c:36:5:mmc_get_next_devnum	0	static
mmc_legacy.c:41:18:mmc_get_blk_desc	0	static
mmc_legacy.c:46:5:get_mmc_num	0	static
mmc_legacy.c:51:6:mmc_do_preinit	16	static
mmc_legacy.c:68:6:mmc_list_init	0	static
mmc_legacy.c:74:6:mmc_list_add	0	static
mmc_legacy.c:82:6:print_mmc_devices	24	static
mmc_legacy.c:143:13:mmc_create	16	static
mmc_legacy.c:186:6:mmc_destroy	8	static
