serial.c:245:12:serial_stub_start	8	static
serial.c:252:12:serial_stub_stop	8	static
serial.c:259:13:serial_stub_putc	8	static
serial.c:266:13:serial_stub_puts	8	static
serial.c:273:12:serial_stub_getc	8	static
serial.c:280:12:serial_stub_tstc	8	static
serial.c:374:30:get_current	8	static
serial.c:33:13:serial_null	0	static
serial.c:165:6:serial_register	0	static
serial.c:294:6:serial_stdio_init	96	static
serial.c:331:5:serial_assign	16	static
serial.c:197:6:serial_initialize	8	static
serial.c:351:6:serial_reinit_all	16	static
serial.c:408:5:serial_init	8	static
serial.c:424:6:serial_setbrg	8	static
serial.c:440:5:serial_getc	8	static
serial.c:455:5:serial_tstc	8	static
serial.c:471:6:serial_putc	16	static
serial.c:489:6:serial_puts	16	static
serial.c:506:6:default_serial_puts	16	static
