spi-uclass.c:19:12:spi_set_speed_mode	24	static
spi-uclass.c:152:12:spi_child_pre_probe	16	static
spi-uclass.c:122:12:spi_post_probe	16	static
spi-uclass.c:46:5:dm_spi_claim_bus	32	static
spi-uclass.c:74:6:dm_spi_release_bus	8	static
spi-uclass.c:83:5:dm_spi_xfer	24	static
spi-uclass.c:94:5:spi_claim_bus	8	static
spi-uclass.c:99:6:spi_release_bus	8	static
spi-uclass.c:104:5:spi_xfer	24	static
spi-uclass.c:173:5:spi_chip_select	8	static
spi-uclass.c:180:5:spi_find_chip_select	24	static
spi-uclass.c:214:5:spi_cs_info	32	static
spi-uclass.c:199:5:spi_cs_is_valid	24	static
spi-uclass.c:247:5:spi_find_bus_and_cs	32	static
spi-uclass.c:269:5:spi_get_bus_and_cs	40	static
spi-uclass.c:351:19:spi_setup_slave_fdt	24	static
spi-uclass.c:367:19:spi_setup_slave	40	static
spi-uclass.c:382:6:spi_free_slave	16	static
spi-uclass.c:388:5:spi_slave_ofdata_to_platdata	24	static
spi-uclass.c:111:12:spi_child_post_bind	16	static
