nvedit.c:787:12:do_env_delete	24	static
nvedit.c:1102:12:do_env_exists	56	static
nvedit.c:708:12:do_env_save	8	static
nvedit.c:1165:12:do_env	32	static
nvedit.c:85:12:env_print	56	static
nvedit.c:116:12:do_env_print	32	static
nvedit.c:989:12:do_env_import	64	static
nvedit.c:750:12:do_env_default	24	static
nvedit.c:213:12:_do_env_set.isra.0	72	static
nvedit.c:345:12:do_env_set	16	static
nvedit.c:74:5:get_env_id	0	static
nvedit.c:285:5:env_set	24	static
nvedit.c:306:5:env_set_ulong	16	static
nvedit.c:321:5:env_set_hex	40	static
nvedit.c:868:12:do_env_export	96	static
nvedit.c:734:5:envmatch	24	static
nvedit.c:651:5:env_get_f	40	static
nvedit.c:627:7:env_get	56	static
nvedit.c:329:7:env_get_hex	24	static
nvedit.c:695:7:env_get_ulong	16	static
nvedit.c:585:12:do_env_edit.part.3	1056	static
nvedit.c:585:12:do_env_edit	16	static
