pxe.c:1015:13:eol_or_eof	0	static
pxe.c:1612:12:do_pxe	32	static
pxe.c:563:13:label_print	8	static
pxe.c:129:12:do_get_tftp	24	static
pxe.c:40:14:from_env	16	static
pxe.c:901:14:get_string	40	static
pxe.c:534:13:label_destroy	8	static
pxe.c:1385:13:destroy_pxe_menu	16	static
pxe.c:970:13:get_token	32	static
pxe.c:1032:12:parse_sliteral	24	static
pxe.c:1052:12:parse_integer	32	static
pxe.c:171:12:do_get_any	16	static
pxe.c:158:12:do_get_fat	8	static
pxe.c:145:12:do_get_ext2	8	static
pxe.c:63:12:format_mac_pxe.constprop	40	static
pxe.c:192:12:get_relfile	184	static
pxe.c:232:12:get_pxe_file	16	static
pxe.c:1082:12:handle_include	48	static
pxe.c:1306:12:parse_pxefile_top	88	static
pxe.c:1414:25:parse_pxefile	24	static
pxe.c:275:12:get_pxelinux_path	160	static
pxe.c:369:1:do_pxe_get	64	static
pxe.c:424:12:get_relfile_envaddr	24	static
pxe.c:616:12:label_boot	2272	static
pxe.c:1524:13:handle_pxe_menu	56	static
pxe.c:1567:1:do_pxe_boot	24	static
pxe.c:1646:12:do_sysboot	40	static
