usb.c:33:14:usb_get_class_desc	0	static
usb.c:59:13:usb_display_class_sub	16	static
usb.c:151:13:usb_display_desc	48	static
usb.c:343:13:usb_show_tree_graph	56	static
usb.c:450:13:usb_show_subtree	48	static
usb.c:461:13:usb_for_each_root_dev	24	static
usb.c:141:13:usb_display_string	304	static
usb.c:245:13:usb_display_config	48	static
usb.c:613:13:usb_show_info	24	static
usb.c:270:27:usb_find_device	32	static
usb.c:566:12:do_usbboot	16	static
usb.c:583:13:do_usb_start	8	static
usb.c:483:6:usb_show_tree	8	static
usb.c:635:12:do_usb	48	static
