mtdcore.c:1024:5:mtd_ooblayout_ecc	16	static
mtdcore.c:1056:5:mtd_ooblayout_free	16	static
mtdcore.c:1088:12:mtd_ooblayout_find_region	32	static
mtdcore.c:1157:12:mtd_ooblayout_get_bytes	56	static
mtdcore.c:1200:12:mtd_ooblayout_set_bytes	56	static
mtdcore.c:95:6:idr_remove	0	static
mtdcore.c:102:7:idr_find	0	static
mtdcore.c:110:7:idr_get_next	8	static
mtdcore.c:128:5:idr_alloc	8	static
mtdcore.c:153:18:__mtd_next_device	16	static
mtdcore.c:509:5:del_mtd_device	16	static
mtdcore.c:729:5:__get_mtd_device	8	static
mtdcore.c:694:18:get_mtd_device	16	static
mtdcore.c:757:18:get_mtd_device_nm	16	static
mtdcore.c:840:6:__put_mtd_device	8	static
mtdcore.c:831:6:put_mtd_device	8	static
mtdcore.c:859:5:mtd_erase	24	static
mtdcore.c:915:15:mtd_get_unmapped_area	24	static
mtdcore.c:926:5:mtd_read	40	static
mtdcore.c:950:5:mtd_write	40	static
mtdcore.c:971:5:mtd_panic_write	40	static
mtdcore.c:987:5:mtd_read_oob	24	static
mtdcore.c:1134:5:mtd_ooblayout_find_eccregion	16	static
mtdcore.c:1272:5:mtd_ooblayout_get_eccbytes	16	static
mtdcore.c:1292:5:mtd_ooblayout_set_eccbytes	16	static
mtdcore.c:1312:5:mtd_ooblayout_get_databytes	16	static
mtdcore.c:1332:5:mtd_ooblayout_set_databytes	16	static
mtdcore.c:1348:5:mtd_ooblayout_count_freebytes	24	static
mtdcore.c:1362:5:mtd_ooblayout_count_eccbytes	24	static
mtdcore.c:1373:5:mtd_get_fact_prot_info	16	static
mtdcore.c:1384:5:mtd_read_fact_prot_reg	32	static
mtdcore.c:1396:5:mtd_get_user_prot_info	16	static
mtdcore.c:1407:5:mtd_read_user_prot_reg	32	static
mtdcore.c:1419:5:mtd_write_user_prot_reg	32	static
mtdcore.c:1441:5:mtd_lock_user_prot_reg	24	static
mtdcore.c:1452:5:mtd_lock	40	static
mtdcore.c:1464:5:mtd_unlock	40	static
mtdcore.c:397:5:add_mtd_device	32	static
mtdcore.c:1476:5:mtd_is_locked	40	static
mtdcore.c:1488:5:mtd_block_isreserved	8	static
mtdcore.c:1498:5:mtd_block_isbad	8	static
mtdcore.c:1508:5:mtd_block_markbad	8	static
