fat.c:36:13:downcase	12	static
fat.c:51:12:disk_read	16	static
fat.c:460:13:mkcksum	8	static
fat_write.c:31:12:disk_write	16	static
fat_write.c:107:12:flush_dirty_fat_buffer	24	static
fat_write.c:366:12:set_fatent_value	40	static
fat.c:168:14:get_fatent	40	static
fat.c:773:19:next_dent	16	static
fat_write.c:558:12:find_empty_cluster	16	static
fat.c:127:13:get_name	24	static
fat.c:253:1:get_cluster	40	dynamic
fat_write.c:497:1:set_cluster	40	dynamic
fat.c:487:1:read_bootsectandvi	24	static
fat.c:671:12:fat_itr_root	136	static
fat_write.c:54:13:set_name	288	static
fat_write.c:748:12:check_overflow	24	static
fat.c:433:12:slot2str	16	static
fat.c:844:12:fat_itr_next	56	static
fat.c:918:12:fat_itr_resolve	32	static
fat_write.c:575:13:flush_dir_table.constprop	24	static
fat_write.c:904:12:do_fat_write	1120	static
fat.c:66:5:fat_set_blk_dev	24	dynamic
fat.c:95:5:fat_register_device	136	static
fat.c:973:5:file_fat_detectfs	128	static
fat.c:1035:5:fat_exists	56	static
fat.c:1055:5:fat_size	64	static
fat.c:1091:5:file_fat_read_at	104	static
fat.c:1119:5:file_fat_read	40	static
fat.c:1131:5:fat_read_file	48	static
fat.c:1150:5:fat_opendir	32	static
fat.c:1178:5:fat_readdir	16	static
fat.c:1201:6:fat_closedir	8	static
fat.c:1208:6:fat_close	0	static
fat_write.c:1078:5:file_fat_write	24	static
