fs.c:29:19:fs_probe_unsupported	8	static
fs.c:36:19:fs_ls_unsupported	0	static
fs.c:70:19:fs_exists_unsupported	0	static
fs.c:75:19:fs_size_unsupported	0	static
fs.c:80:19:fs_read_unsupported	0	static
fs.c:94:20:fs_close_unsupported	0	static
fs.c:103:19:fs_opendir_unsupported	0	static
fs.c:255:28:fs_get_info	0	static
fs.c:337:13:fs_close	16	static
fs.c:87:19:fs_write_unsupported	0	static
fs.c:98:19:fs_uuid_unsupported	0	static
fs.c:269:5:fs_set_blk_dev	40	static
fs.c:314:5:fs_set_blk_dev_with_part	24	static
fs.c:346:5:fs_uuid	16	static
fs.c:353:5:fs_ls	16	static
fs.c:367:5:fs_exists	16	static
fs.c:380:5:fs_size	16	static
fs.c:393:5:fs_read	56	static
fs.c:416:5:fs_write	56	static
fs.c:436:23:fs_opendir	24	static
fs.c:455:19:fs_readdir	24	static
fs.c:474:6:fs_closedir	16	static
fs.c:43:12:fs_ls_generic	32	static
fs.c:489:5:do_size	24	static
fs.c:508:5:do_load	80	static
fs.c:578:5:do_ls	16	static
fs.c:595:5:file_exists	16	static
fs.c:604:5:do_save	72	static
fs.c:646:5:do_fs_uuid	64	static
fs.c:671:5:do_fs_type	24	static
