serial-uclass.c:144:13:_serial_putc	24	static
serial-uclass.c:163:12:__serial_getc	16	static
serial-uclass.c:177:12:__serial_tstc	8	static
serial-uclass.c:272:13:serial_stub_putc	8	static
serial-uclass.c:283:12:serial_stub_getc	8	static
serial-uclass.c:288:12:serial_stub_tstc	8	static
serial-uclass.c:411:12:serial_pre_remove	8	static
serial-uclass.c:356:12:serial_post_probe	104	static
serial-uclass.c:278:13:serial_stub_puts	16	static
serial-uclass.c:130:5:serial_init	32	static
serial-uclass.c:139:6:serial_initialize	8	static
serial-uclass.c:225:6:serial_putc	8	static
serial-uclass.c:231:6:serial_puts	16	static
serial-uclass.c:237:5:serial_getc	16	static
serial-uclass.c:245:5:serial_tstc	16	static
serial-uclass.c:253:6:serial_setbrg	8	static
serial-uclass.c:299:12:on_baudrate	24	static
serial-uclass.c:265:6:serial_stdio_init	0	static
